Component: Arm Compiler for Embedded 6.23 Tool: armlink [5f102400]

==============================================================================

Section Cross References

    startup_stm32f446xx.o(STACK) refers (Special) to heapauxi.o(.text) for __use_two_region_memory
    startup_stm32f446xx.o(HEAP) refers (Special) to heapauxi.o(.text) for __use_two_region_memory
    startup_stm32f446xx.o(RESET) refers (Special) to heapauxi.o(.text) for __use_two_region_memory
    startup_stm32f446xx.o(RESET) refers to startup_stm32f446xx.o(STACK) for __initial_sp
    startup_stm32f446xx.o(RESET) refers to startup_stm32f446xx.o(.text) for Reset_Handler
    startup_stm32f446xx.o(RESET) refers to stm32f4xx_it.o(.text.NMI_Handler) for NMI_Handler
    startup_stm32f446xx.o(RESET) refers to stm32f4xx_it.o(.text.HardFault_Handler) for HardFault_Handler
    startup_stm32f446xx.o(RESET) refers to stm32f4xx_it.o(.text.MemManage_Handler) for MemManage_Handler
    startup_stm32f446xx.o(RESET) refers to stm32f4xx_it.o(.text.BusFault_Handler) for BusFault_Handler
    startup_stm32f446xx.o(RESET) refers to stm32f4xx_it.o(.text.UsageFault_Handler) for UsageFault_Handler
    startup_stm32f446xx.o(RESET) refers to stm32f4xx_it.o(.text.SVC_Handler) for SVC_Handler
    startup_stm32f446xx.o(RESET) refers to stm32f4xx_it.o(.text.DebugMon_Handler) for DebugMon_Handler
    startup_stm32f446xx.o(RESET) refers to stm32f4xx_it.o(.text.PendSV_Handler) for PendSV_Handler
    startup_stm32f446xx.o(RESET) refers to stm32f4xx_it.o(.text.SysTick_Handler) for SysTick_Handler
    startup_stm32f446xx.o(RESET) refers to stm32f4xx_it.o(.text.DMA1_Stream3_IRQHandler) for DMA1_Stream3_IRQHandler
    startup_stm32f446xx.o(RESET) refers to stm32f4xx_it.o(.text.DMA1_Stream5_IRQHandler) for DMA1_Stream5_IRQHandler
    startup_stm32f446xx.o(RESET) refers to stm32f4xx_it.o(.text.USART3_IRQHandler) for USART3_IRQHandler
    startup_stm32f446xx.o(RESET) refers to stm32f4xx_it.o(.text.EXTI15_10_IRQHandler) for EXTI15_10_IRQHandler
    startup_stm32f446xx.o(RESET) refers to stm32f4xx_it.o(.text.DMA2_Stream3_IRQHandler) for DMA2_Stream3_IRQHandler
    startup_stm32f446xx.o(.text) refers (Special) to heapauxi.o(.text) for __use_two_region_memory
    startup_stm32f446xx.o(.text) refers to system_stm32f4xx.o(.text.SystemInit) for SystemInit
    startup_stm32f446xx.o(.text) refers to __main.o(!!!main) for __main
    startup_stm32f446xx.o(.text) refers to startup_stm32f446xx.o(HEAP) for Heap_Mem
    startup_stm32f446xx.o(.text) refers to startup_stm32f446xx.o(STACK) for Stack_Mem
    physics.o(.ARM.exidx.text.Magnitude_V2) refers to physics.o(.text.Magnitude_V2) for [Anonymous Symbol]
    physics.o(.ARM.exidx.text.Normalize_V2) refers to physics.o(.text.Normalize_V2) for [Anonymous Symbol]
    physics.o(.ARM.exidx.text.AddVectors_V2) refers to physics.o(.text.AddVectors_V2) for [Anonymous Symbol]
    physics.o(.ARM.exidx.text.ScalarMult_V2) refers to physics.o(.text.ScalarMult_V2) for [Anonymous Symbol]
    physics.o(.ARM.exidx.text.Magnitude_V3) refers to physics.o(.text.Magnitude_V3) for [Anonymous Symbol]
    physics.o(.ARM.exidx.text.Normalize_V3) refers to physics.o(.text.Normalize_V3) for [Anonymous Symbol]
    oled.o(.text.oled_init) refers to main.o(.text.print_msg) for print_msg
    oled.o(.text.oled_init) refers to stm32f4xx_hal_gpio.o(.text.HAL_GPIO_WritePin) for HAL_GPIO_WritePin
    oled.o(.text.oled_init) refers to stm32f4xx_hal.o(.text.HAL_Delay) for HAL_Delay
    oled.o(.text.oled_init) refers to main.o(.bss.hspi1) for hspi1
    oled.o(.text.oled_init) refers to stm32f4xx_hal_spi.o(.text.HAL_SPI_Transmit) for HAL_SPI_Transmit
    oled.o(.text.oled_init) refers to oled.o(.text.oled_cmd) for oled_cmd
    oled.o(.ARM.exidx.text.oled_init) refers to oled.o(.text.oled_init) for [Anonymous Symbol]
    oled.o(.text.oled_write) refers to main.o(.bss.hspi1) for hspi1
    oled.o(.text.oled_write) refers to stm32f4xx_hal_spi.o(.text.HAL_SPI_Transmit) for HAL_SPI_Transmit
    oled.o(.ARM.exidx.text.oled_write) refers to oled.o(.text.oled_write) for [Anonymous Symbol]
    oled.o(.text.oled_cmd) refers to stm32f4xx_hal_gpio.o(.text.HAL_GPIO_WritePin) for HAL_GPIO_WritePin
    oled.o(.text.oled_cmd) refers to stm32f4xx_hal.o(.text.HAL_Delay) for HAL_Delay
    oled.o(.text.oled_cmd) refers to main.o(.bss.hspi1) for hspi1
    oled.o(.text.oled_cmd) refers to stm32f4xx_hal_spi.o(.text.HAL_SPI_Transmit) for HAL_SPI_Transmit
    oled.o(.ARM.exidx.text.oled_cmd) refers to oled.o(.text.oled_cmd) for [Anonymous Symbol]
    oled.o(.text.oled_data) refers to stm32f4xx_hal_gpio.o(.text.HAL_GPIO_WritePin) for HAL_GPIO_WritePin
    oled.o(.text.oled_data) refers to main.o(.bss.hspi1) for hspi1
    oled.o(.text.oled_data) refers to stm32f4xx_hal_spi.o(.text.HAL_SPI_Transmit) for HAL_SPI_Transmit
    oled.o(.ARM.exidx.text.oled_data) refers to oled.o(.text.oled_data) for [Anonymous Symbol]
    oled.o(.text.oled_off) refers to main.o(.bss.hspi1) for hspi1
[...]
    [Anonymous Symbol]                       0x08003b86   Section        0  stm32f4xx_hal_uart.o(.text.UART_SetConfig)
    UART_WaitOnFlagUntilTimeout              0x08003c65   Thumb Code   122  stm32f4xx_hal_uart.o(.text.UART_WaitOnFlagUntilTimeout)
    [Anonymous Symbol]                       0x08003c64   Section        0  stm32f4xx_hal_uart.o(.text.UART_WaitOnFlagUntilTimeout)
    [Anonymous Symbol]                       0x08003cde   Section        0  stm32f4xx_it.o(.text.USART3_IRQHandler)
    [Anonymous Symbol]                       0x08003cea   Section        0  stm32f4xx_ll_usb.o(.text.USB_CoreInit)
    USB_CoreReset                            0x08003d71   Thumb Code    74  stm32f4xx_ll_usb.o(.text.USB_CoreReset)
    [Anonymous Symbol]                       0x08003d70   Section        0  stm32f4xx_ll_usb.o(.text.USB_CoreReset)
    [Anonymous Symbol]                       0x08003dba   Section        0  stm32f4xx_ll_usb.o(.text.USB_DevDisconnect)
    [Anonymous Symbol]                       0x08003dd8   Section        0  stm32f4xx_ll_usb.o(.text.USB_DevInit)
    [Anonymous Symbol]                       0x08003f54   Section        0  stm32f4xx_ll_usb.o(.text.USB_DisableGlobalInt)
    [Anonymous Symbol]                       0x08003f64   Section        0  stm32f4xx_ll_usb.o(.text.USB_FlushRxFifo)
    [Anonymous Symbol]                       0x08003fac   Section        0  stm32f4xx_ll_usb.o(.text.USB_FlushTxFifo)
    [Anonymous Symbol]                       0x08003ff4   Section        0  stm32f4xx_ll_usb.o(.text.USB_SetCurrentMode)
    [Anonymous Symbol]                       0x08004058   Section        0  stm32f4xx_it.o(.text.UsageFault_Handler)
    [Anonymous Symbol]                       0x0800405c   Section        0  accelerometer.o(.text.accel_init)
    [Anonymous Symbol]                       0x080041b0   Section        0  accelerometer.o(.text.accel_poll)
    [Anonymous Symbol]                       0x08004254   Section        0  accelerometer.o(.text.accel_read)
    [Anonymous Symbol]                       0x08004354   Section        0  accelerometer.o(.text.accel_write)
    [Anonymous Symbol]                       0x08004450   Section        0  main.o(.text.main)
    [Anonymous Symbol]                       0x08004ae4   Section        0  oled.o(.text.oled_cmd)
    [Anonymous Symbol]                       0x08004b3c   Section        0  main.o(.text.oled_drawframe)
    [Anonymous Symbol]                       0x08004bae   Section        0  oled.o(.text.oled_eraseRect)
    [Anonymous Symbol]                       0x08004be0   Section        0  oled.o(.text.oled_init)
    [Anonymous Symbol]                       0x08004f18   Section        0  main.o(.text.print_msg)
    [Anonymous Symbol]                       0x08004f38   Section        0  fluid_sim.o(.text.renderImage)
    CL$$btod_d2e                             0x08004fac   Section       62  btod.o(CL$$btod_d2e)
    CL$$btod_d2e_denorm_low                  0x08004fea   Section       70  btod.o(CL$$btod_d2e_denorm_low)
    CL$$btod_d2e_norm_op1                    0x08005030   Section       96  btod.o(CL$$btod_d2e_norm_op1)
    CL$$btod_div_common                      0x08005090   Section      824  btod.o(CL$$btod_div_common)
    CL$$btod_e2e                             0x080053c8   Section      220  btod.o(CL$$btod_e2e)
    CL$$btod_ediv                            0x080054a4   Section       42  btod.o(CL$$btod_ediv)
    CL$$btod_emul                            0x080054ce   Section       42  btod.o(CL$$btod_emul)
    CL$$btod_mult_common                     0x080054f8   Section      580  btod.o(CL$$btod_mult_common)
    i.__ARM_fpclassify                       0x0800573c   Section        0  fpclassify.o(i.__ARM_fpclassify)
    i.__hardfp_atan                          0x08005770   Section        0  atan.o(i.__hardfp_atan)
    i.__hardfp_atan2                         0x08005a48   Section        0  atan2.o(i.__hardfp_atan2)
    i.__hardfp_sqrt                          0x08005c48   Section        0  sqrt.o(i.__hardfp_sqrt)
    i.__kernel_poly                          0x08005cc2   Section        0  poly.o(i.__kernel_poly)
    i.__mathlib_dbl_infnan                   0x08005dba   Section        0  dunder.o(i.__mathlib_dbl_infnan)
    i.__mathlib_dbl_infnan2                  0x08005dce   Section        0  dunder.o(i.__mathlib_dbl_infnan2)
    i.__mathlib_dbl_underflow                0x08005de8   Section        0  dunder.o(i.__mathlib_dbl_underflow)
    i.atan                                   0x08005e08   Section        0  atan.o(i.atan)
    i.fabs                                   0x08005e18   Section        0  fabs.o(i.fabs)
    locale$$code                             0x08005e30   Section       44  lc_numeric_c.o(locale$$code)
    $v0                                      0x08005e5c   Number         0  basic.o(x$fpl$basic)
    x$fpl$basic                              0x08005e5c   Section       24  basic.o(x$fpl$basic)
    $v0                                      0x08005e74   Number         0  d2f.o(x$fpl$d2f)
    x$fpl$d2f                                0x08005e74   Section       98  d2f.o(x$fpl$d2f)
    $v0                                      0x08005ed8   Number         0  daddsub_clz.o(x$fpl$dadd)
    x$fpl$dadd                               0x08005ed8   Section      336  daddsub_clz.o(x$fpl$dadd)
    _dadd1                                   0x08005ee9   Thumb Code     0  daddsub_clz.o(x$fpl$dadd)
    $v0                                      0x08006028   Number         0  dcmpi.o(x$fpl$dcmpinf)
    x$fpl$dcmpinf                            0x08006028   Section       24  dcmpi.o(x$fpl$dcmpinf)
    $v0                                      0x08006040   Number         0  ddiv.o(x$fpl$ddiv)
    x$fpl$ddiv                               0x08006040   Section      696  ddiv.o(x$fpl$ddiv)
    ddiv_entry                               0x08006047   Thumb Code     0  ddiv.o(x$fpl$ddiv)
    $v0                                      0x080062f8   Number         0  deqf.o(x$fpl$deqf)
    x$fpl$deqf                               0x080062f8   Section      120  deqf.o(x$fpl$deqf)
    $v0                                      0x08006370   Number         0  dfix.o(x$fpl$dfix)
    x$fpl$dfix                               0x08006370   Section       94  dfix.o(x$fpl$dfix)
    $v0                                      0x080063ce   Number         0  dflt_clz.o(x$fpl$dflt)
    x$fpl$dflt                               0x080063ce   Section       46  dflt_clz.o(x$fpl$dflt)
    $v0                                      0x080063fc   Number         0  dflt_clz.o(x$fpl$dfltu)
    x$fpl$dfltu                              0x080063fc   Section       38  dflt_clz.o(x$fpl$dfltu)
    $v0                                      0x08006424   Number         0  dmul.o(x$fpl$dmul)
    x$fpl$dmul                               0x08006424   Section      340  dmul.o(x$fpl$dmul)
    $v0                                      0x08006578   Number         0  dnaninf.o(x$fpl$dnaninf)
    x$fpl$dnaninf                            0x08006578   Section      156  dnaninf.o(x$fpl$dnaninf)
    $v0                                      0x08006614   Number         0  dretinf.o(x$fpl$dretinf)
    x$fpl$dretinf                            0x08006614   Section       12  dretinf.o(x$fpl$dretinf)
    $v0                                      0x08006620   Number         0  daddsub_clz.o(x$fpl$drsb)
    x$fpl$drsb                               0x08006620   Section       22  daddsub_clz.o(x$fpl$drsb)
    $v0                                      0x08006638   Number         0  dsqrt_umaal.o(x$fpl$dsqrt)
    x$fpl$dsqrt                              0x08006638   Section      408  dsqrt_umaal.o(x$fpl$dsqrt)
    $v0                                      0x080067d0   Number         0  daddsub_clz.o(x$fpl$dsub)
    x$fpl$dsub                               0x080067d0   Section      476  daddsub_clz.o(x$fpl$dsub)
    _dsub1                                   0x080067e1   Thumb Code     0  daddsub_clz.o(x$fpl$dsub)
    $v0                                      0x080069ac   Number         0  f2d.o(x$fpl$f2d)
    x$fpl$f2d                                0x080069ac   Section       86  f2d.o(x$fpl$f2d)
    $v0                                      0x08006a02   Number         0  fnaninf.o(x$fpl$fnaninf)
    x$fpl$fnaninf                            0x08006a02   Section      140  fnaninf.o(x$fpl$fnaninf)
    $v0                                      0x08006a8e   Number         0  fpinit.o(x$fpl$fpinit)
    x$fpl$fpinit                             0x08006a8e   Section       26  fpinit.o(x$fpl$fpinit)
    $v0                                      0x08006aa8   Number         0  fretinf.o(x$fpl$fretinf)
    x$fpl$fretinf                            0x08006aa8   Section       10  fretinf.o(x$fpl$fretinf)
    $v0                                      0x08006ab2   Number         0  printf1.o(x$fpl$printf1)
    x$fpl$printf1                            0x08006ab2   Section        4  printf1.o(x$fpl$printf1)
    uc_hextab                                0x08006ab6   Data          20  _printf_hex_int.o(.constdata)
    .constdata                               0x08006ab6   Section       40  _printf_hex_int.o(.constdata)
    x$fpl$usenofp                            0x08006ab6   Section        0  usenofp.o(x$fpl$usenofp)
    lc_hextab                                0x08006aca   Data          20  _printf_hex_int.o(.constdata)
    atanhi                                   0x08006ae0   Data          32  atan.o(.constdata)
    .constdata                               0x08006ae0   Section      152  atan.o(.constdata)
    atanlo                                   0x08006b00   Data          32  atan.o(.constdata)
    aTodd                                    0x08006b20   Data          40  atan.o(.constdata)
    aTeven                                   0x08006b48   Data          48  atan.o(.constdata)
    .constdata                               0x08006b78   Section        8  qnan.o(.constdata)
    tenpwrs_x                                0x08006b80   Data          60  bigflt0.o(.constdata)
    .constdata                               0x08006b80   Section      148  bigflt0.o(.constdata)
    tenpwrs_i                                0x08006bbc   Data          64  bigflt0.o(.constdata)
    DMA_CalcBaseAndBitshift.flagBitshiftOffset 0x08006c2c   Data           8  stm32f4xx_hal_dma.o(.rodata.cst8)
    [Anonymous Symbol]                       0x08006c2c   Section        0  stm32f4xx_hal_dma.o(.rodata.cst8)
    .L.str.7                                 0x08006c34   Data          23  accelerometer.o(.rodata.str1.1)
    [Anonymous Symbol]                       0x08006c34   Section        0  accelerometer.o(.rodata.str1.1)
    .L.str.3                                 0x08006c4b   Data          38  accelerometer.o(.rodata.str1.1)
    .L.str.8                                 0x08006c71   Data          17  accelerometer.o(.rodata.str1.1)
    .L.str.2                                 0x08006c82   Data          67  main.o(.rodata.str1.1)
    [Anonymous Symbol]                       0x08006c82   Section        0  main.o(.rodata.str1.1)
    locale$$data                             0x08006ce8   Section       28  lc_numeric_c.o(locale$$data)
    __lcnum_c_name                           0x08006cec   Data           2  lc_numeric_c.o(locale$$data)
    __lcnum_c_start                          0x08006cf4   Data           0  lc_numeric_c.o(locale$$data)
    __lcnum_c_point                          0x08006d00   Data           0  lc_numeric_c.o(locale$$data)
    __lcnum_c_thousands                      0x08006d02   Data           0  lc_numeric_c.o(locale$$data)
    __lcnum_c_grouping                       0x08006d03   Data           0  lc_numeric_c.o(locale$$data)
    __lcnum_c_end                            0x08006d04   Data           0  lc_numeric_c.o(locale$$data)
    .bss                                     0x20000010   Section       96  libspace.o(.bss)
    Heap_Mem                                 0x2001f080   Data         512  startup_stm32f446xx.o(HEAP)
    HEAP                                     0x2001f080   Section      512  startup_stm32f446xx.o(HEAP)
    Stack_Mem                                0x2001f280   Data        1024  startup_stm32f446xx.o(STACK)
    STACK                                    0x2001f280   Section     1024  startup_stm32f446xx.o(STACK)
    __initial_sp                             0x2001f680   Data           0  startup_stm32f446xx.o(STACK)

    Global Symbols

    Symbol Name                              Value     Ov Type        Size  Object(Section)

    BuildAttributes$$THM_ISAv4$E$P$D$K$B$S$7EM$VFPi3$EXTD16$VFPS$VFMA$PE$A:L22UL41UL21$X:L11$S22US41US21$IEEE1$IW$~IW$USESV6$~STKCKD$USESV7$~SHL$OTIME$ROPI$IEEEJ$EBA8$UX$STANDARDLIB$REQ8$PRES8$EABIv2 0x00000000   Number         0  anon$$obj.o ABSOLUTE
    __ARM_exceptions_init                     - Undefined Weak Reference
    __alloca_initialize                       - Undefined Weak Reference
    __arm_preinit_                            - Undefined Weak Reference
    __arm_relocate_pie_                       - Undefined Weak Reference
    __cpp_initialize__aeabi_                  - Undefined Weak Reference
    __cxa_finalize                            - Undefined Weak Reference
    __rt_locale                               - Undefined Weak Reference
    __sigvec_lookup                           - Undefined Weak Reference
    _atexit_init                              - Undefined Weak Reference
    _call_atexit_fns                          - Undefined Weak Reference
    _clock_init                               - Undefined Weak Reference
    _fp_trap_init                             - Undefined Weak Reference
    _fp_trap_shutdown                         - Undefined Weak Reference
    _get_lc_collate                           - Undefined Weak Reference
    _get_lc_ctype                             - Undefined Weak Reference
    _get_lc_monetary                          - Undefined Weak Reference
    _get_lc_numeric                           - Undefined Weak Reference
    _get_lc_time                              - Undefined Weak Reference
    _getenv_init                              - Undefined Weak Reference
    _handle_redirection                       - Undefined Weak Reference
    _init_alloc                               - Undefined Weak Reference
    _init_user_alloc                          - Undefined Weak Reference
    _initio                                   - Undefined Weak Reference
    _rand_init                                - Undefined Weak Reference
    _signal_finish                            - Undefined Weak Reference
    _signal_init                              - Undefined Weak Reference
    _terminate_alloc                          - Undefined Weak Reference
    _terminate_user_alloc                     - Undefined Weak Reference
    _terminateio                              - Undefined Weak Reference
    __Vectors_Size                           0x000001c4   Number         0  startup_stm32f446xx.o ABSOLUTE
    __Vectors                                0x08000000   Data           4  startup_stm32f446xx.o(RESET)
    __Vectors_End                            0x080001c4   Data           0  startup_stm32f446xx.o(RESET)
    __main                                   0x080001c5   Thumb Code     8  __main.o(!!!main)
    __scatterload                            0x080001cd   Thumb Code     0  __scatter.o(!!!scatter)
    __scatterload_rt2                        0x080001cd   Thumb Code    84  __scatter.o(!!!scatter)
    __scatterload_rt2_thumb_only             0x080001cd   Thumb Code     0  __scatter.o(!!!scatter)
    __scatterload_loop                       0x080001d7   Thumb Code     0  __scatter.o(!!!scatter)
    __scatterload_copy                       0x08000229   Thumb Code    26  __scatter_copy.o(!!handler_copy)
    __scatterload_null                       0x08000245   Thumb Code     2  __scatter.o(!!handler_null)
    __scatterload_zeroinit                   0x08000249   Thumb Code    28  __scatter_zi.o(!!handler_zi)
    _printf_f                                0x08000265   Thumb Code     0  _printf_f.o(.ARM.Collect$$_printf_percent$$00000003)
    _printf_percent                          0x08000265   Thumb Code     0  _printf_percent.o(.ARM.Collect$$_printf_percent$$00000000)
    _printf_d                                0x0800026b   Thumb Code     0  _printf_d.o(.ARM.Collect$$_printf_percent$$00000009)
    _printf_x                                0x08000271   Thumb Code     0  _printf_x.o(.ARM.Collect$$_printf_percent$$0000000C)
    _printf_percent_end                      0x08000277   Thumb Code     0  _printf_percent_end.o(.ARM.Collect$$_printf_percent$$00000017)
    __rt_lib_init                            0x0800027b   Thumb Code     0  libinit.o(.ARM.Collect$$libinit$$00000000)
    __rt_lib_init_fp_1                       0x0800027d   Thumb Code     0  libinit2.o(.ARM.Collect$$libinit$$00000001)
    __rt_lib_init_heap_1                     0x08000281   Thumb Code     0  libinit2.o(.ARM.Collect$$libinit$$0000000C)
    __rt_lib_init_lc_common                  0x08000281   Thumb Code     0  libinit2.o(.ARM.Collect$$libinit$$00000011)
    __rt_lib_init_preinit_1                  0x08000281   Thumb Code     0  libinit2.o(.ARM.Collect$$libinit$$00000006)
    __rt_lib_init_rand_1                     0x08000281   Thumb Code     0  libinit2.o(.ARM.Collect$$libinit$$00000010)
    __rt_lib_init_relocate_pie_1             0x08000281   Thumb Code     0  libinit2.o(.ARM.Collect$$libinit$$00000004)
    __rt_lib_init_user_alloc_1               0x08000281   Thumb Code     0  libinit2.o(.ARM.Collect$$libinit$$0000000E)
    __rt_lib_init_lc_collate_1               0x08000287   Thumb Code     0  libinit2.o(.ARM.Collect$$libinit$$00000013)
    __rt_lib_init_lc_ctype_1                 0x08000287   Thumb Code     0  libinit2.o(.ARM.Collect$$libinit$$00000015)
    __rt_lib_init_lc_monetary_1              0x08000287   Thumb Code     0  libinit2.o(.ARM.Collect$$libinit$$00000017)
    __rt_lib_init_lc_numeric_2               0x08000287   Thumb Code     0  libinit2.o(.ARM.Collect$$libinit$$00000018)
    __rt_lib_init_alloca_1                   0x08000291   Thumb Code     0  libinit2.o(.ARM.Collect$$libinit$$00000030)
    __rt_lib_init_argv_1                     0x08000291   Thumb Code     0  libinit2.o(.ARM.Collect$$libinit$$0000002E)
    __rt_lib_init_atexit_1                   0x08000291   Thumb Code     0  libinit2.o(.ARM.Collect$$libinit$$0000001D)
    __rt_lib_init_clock_1                    0x08000291   Thumb Code     0  libinit2.o(.ARM.Collect$$libinit$$00000023)
    __rt_lib_init_cpp_1                      0x08000291   Thumb Code     0  libinit2.o(.ARM.Collect$$libinit$$00000034)
    __rt_lib_init_exceptions_1               0x08000291   Thumb Code     0  libinit2.o(.ARM.Collect$$libinit$$00000032)
    __rt_lib_init_fp_trap_1                  0x08000291   Thumb Code     0  libinit2.o(.ARM.Collect$$libinit$$00000021)
    __rt_lib_init_getenv_1                   0x08000291   Thumb Code     0  libinit2.o(.ARM.Collect$$libinit$$00000025)
    __rt_lib_init_lc_numeric_1               0x08000291   Thumb Code     0  libinit2.o(.ARM.Collect$$libinit$$00000019)
    __rt_lib_init_lc_time_1                  0x08000291   Thumb Code     0  libinit2.o(.ARM.Collect$$libinit$$0000001B)
    __rt_lib_init_return                     0x08000291   Thumb Code     0  libinit2.o(.ARM.Collect$$libinit$$00000035)
    __rt_lib_init_signal_1                   0x08000291   Thumb Code     0  libinit2.o(.ARM.Collect$$libinit$$0000001F)
    __rt_lib_init_stdio_1                    0x08000291   Thumb Code     0  libinit2.o(.ARM.Collect$$libinit$$00000027)
    __rt_lib_shutdown                        0x08000293   Thumb Code     0  libshutdown.o(.ARM.Collect$$libshutdown$$00000000)
    __rt_lib_shutdown_cpp_1                  0x08000295   Thumb Code     0  libshutdown2.o(.ARM.Collect$$libshutdown$$00000002)
    __rt_lib_shutdown_fp_trap_1              0x08000295   Thumb Code     0  libshutdown2.o(.ARM.Collect$$libshutdown$$00000007)
    __rt_lib_shutdown_heap_1                 0x08000295   Thumb Code     0  libshutdown2.o(.ARM.Collect$$libshutdown$$0000000F)
    __rt_lib_shutdown_return                 0x08000295   Thumb Code     0  libshutdown2.o(.ARM.Collect$$libshutdown$$00000010)
    __rt_lib_shutdown_signal_1               0x08000295   Thumb Code     0  libshutdown2.o(.ARM.Collect$$libshutdown$$0000000A)
    __rt_lib_shutdown_stdio_1                0x08000295   Thumb Code     0  libshutdown2.o(.ARM.Collect$$libshutdown$$00000004)
    __rt_lib_shutdown_user_alloc_1           0x08000295   Thumb Code     0  libshutdown2.o(.ARM.Collect$$libshutdown$$0000000C)
    __rt_entry                               0x08000297   Thumb Code     0  __rtentry.o(.ARM.Collect$$rtentry$$00000000)
    __rt_entry_presh_1                       0x08000297   Thumb Code     0  __rtentry2.o(.ARM.Collect$$rtentry$$00000002)
    __rt_entry_sh                            0x08000297   Thumb Code     0  __rtentry4.o(.ARM.Collect$$rtentry$$00000004)
    __rt_entry_li                            0x0800029d   Thumb Code     0  __rtentry2.o(.ARM.Collect$$rtentry$$0000000A)
    __rt_entry_postsh_1                      0x0800029d   Thumb Code     0  __rtentry2.o(.ARM.Collect$$rtentry$$00000009)
    __rt_entry_main                          0x080002a1   Thumb Code     0  __rtentry2.o(.ARM.Collect$$rtentry$$0000000D)
    __rt_entry_postli_1                      0x080002a1   Thumb Code     0  __rtentry2.o(.ARM.Collect$$rtentry$$0000000C)
    __rt_exit                                0x080002a9   Thumb Code     0  rtexit.o(.ARM.Collect$$rtexit$$00000000)
    __rt_exit_ls                             0x080002ab   Thumb Code     0  rtexit2.o(.ARM.Collect$$rtexit$$00000003)
    __rt_exit_prels_1                        0x080002ab   Thumb Code     0  rtexit2.o(.ARM.Collect$$rtexit$$00000002)
    __rt_exit_exit                           0x080002af   Thumb Code     0  rtexit2.o(.ARM.Collect$$rtexit$$00000004)
    Reset_Handler                            0x080002b5   Thumb Code     8  startup_stm32f446xx.o(.text)
    ADC_IRQHandler                           0x080002cf   Thumb Code     0  startup_stm32f446xx.o(.text)
    CAN1_RX0_IRQHandler                      0x080002cf   Thumb Code     0  startup_stm32f446xx.o(.text)
    CAN1_RX1_IRQHandler                      0x080002cf   Thumb Code     0  startup_stm32f446xx.o(.text)
    CAN1_SCE_IRQHandler                      0x080002cf   Thumb Code     0  startup_stm32f446xx.o(.text)
    CAN1_TX_IRQHandler                       0x080002cf   Thumb Code     0  startup_stm32f446xx.o(.text)
    CAN2_RX0_IRQHandler                      0x080002cf   Thumb Code     0  startup_stm32f446xx.o(.text)
    CAN2_RX1_IRQHandler                      0x080002cf   Thumb Code     0  startup_stm32f446xx.o(.text)
    CAN2_SCE_IRQHandler                      0x080002cf   Thumb Code     0  startup_stm32f446xx.o(.text)
    CAN2_TX_IRQHandler                       0x080002cf   Thumb Code     0  startup_stm32f446xx.o(.text)
    CEC_IRQHandler                           0x080002cf   Thumb Code     0  startup_stm32f446xx.o(.text)
    DCMI_IRQHandler                          0x080002cf   Thumb Code     0  startup_stm32f446xx.o(.text)
    DMA1_Stream0_IRQHandler                  0x080002cf   Thumb Code     0  startup_stm32f446xx.o(.text)
    DMA1_Stream1_IRQHandler                  0x080002cf   Thumb Code     0  startup_stm32f446xx.o(.text)
    DMA1_Stream2_IRQHandler                  0x080002cf   Thumb Code     0  startup_stm32f446xx.o(.text)
    DMA1_Stream4_IRQHandler                  0x080002cf   Thumb Code     0  startup_stm32f446xx.o(.text)
    DMA1_Stream6_IRQHandler                  0x080002cf   Thumb Code     0  startup_stm32f446xx.o(.text)
    DMA1_Stream7_IRQHandler                  0x080002cf   Thumb Code     0  startup_stm32f446xx.o(.text)
    DMA2_Stream0_IRQHandler                  0x080002cf   Thumb Code     0  startup_stm32f446xx.o(.text)
    DMA2_Stream1_IRQHandler                  0x080002cf   Thumb Code     0  startup_stm32f446xx.o(.text)
    DMA2_Stream2_IRQHandler                  0x080002cf   Thumb Code     0  startup_stm32f446xx.o(.text)
    DMA2_Stream4_IRQHandler                  0x080002cf   Thumb Code     0  startup_stm32f446xx.o(.text)
    DMA2_Stream5_IRQHandler                  0x080002cf   Thumb Code     0  startup_stm32f446xx.o(.text)
    DMA2_Stream6_IRQHandler                  0x080002cf   Thumb Code     0  startup_stm32f446xx.o(.text)
    DMA2_Stream7_IRQHandler                  0x080002cf   Thumb Code     0  startup_stm32f446xx.o(.text)
    EXTI0_IRQHandler                         0x080002cf   Thumb Code     0  startup_stm32f446xx.o(.text)
    EXTI1_IRQHandler                         0x080002cf   Thumb Code     0  startup_stm32f446xx.o(.text)
    EXTI2_IRQHandler                         0x080002cf   Thumb Code     0  startup_stm32f446xx.o(.text)
    EXTI3_IRQHandler                         0x080002cf   Thumb Code     0  startup_stm32f446xx.o(.text)
    EXTI4_IRQHandler                         0x080002cf   Thumb Code     0  startup_stm32f446xx.o(.text)
    EXTI9_5_IRQHandler                       0x080002cf   Thumb Code     0  startup_stm32f446xx.o(.text)
    FLASH_IRQHandler                         0x080002cf   Thumb Code     0  startup_stm32f446xx.o(.text)
    FMC_IRQHandler                           0x080002cf   Thumb Code     0  startup_stm32f446xx.o(.text)
    FMPI2C1_ER_IRQHandler                    0x080002cf   Thumb Code     0  startup_stm32f446xx.o(.text)
    FMPI2C1_EV_IRQHandler                    0x080002cf   Thumb Code     0  startup_stm32f446xx.o(.text)
    FPU_IRQHandler                           0x080002cf   Thumb Code     0  startup_stm32f446xx.o(.text)
    I2C1_ER_IRQHandler                       0x080002cf   Thumb Code     0  startup_stm32f446xx.o(.text)
    I2C1_EV_IRQHandler                       0x080002cf   Thumb Code     0  startup_stm32f446xx.o(.text)
    I2C2_ER_IRQHandler                       0x080002cf   Thumb Code     0  startup_stm32f446xx.o(.text)
    I2C2_EV_IRQHandler                       0x080002cf   Thumb Code     0  startup_stm32f446xx.o(.text)
    I2C3_ER_IRQHandler                       0x080002cf   Thumb Code     0  startup_stm32f446xx.o(.text)
    I2C3_EV_IRQHandler                       0x080002cf   Thumb Code     0  startup_stm32f446xx.o(.text)
    OTG_FS_IRQHandler                        0x080002cf   Thumb Code     0  startup_stm32f446xx.o(.text)
    OTG_FS_WKUP_IRQHandler                   0x080002cf   Thumb Code     0  startup_stm32f446xx.o(.text)
    OTG_HS_EP1_IN_IRQHandler                 0x080002cf   Thumb Code     0  startup_stm32f446xx.o(.text)
    OTG_HS_EP1_OUT_IRQHandler                0x080002cf   Thumb Code     0  startup_stm32f446xx.o(.text)
    OTG_HS_IRQHandler                        0x080002cf   Thumb Code     0  startup_stm32f446xx.o(.text)
    OTG_HS_WKUP_IRQHandler                   0x080002cf   Thumb Code     0  startup_stm32f446xx.o(.text)
    PVD_IRQHandler                           0x080002cf   Thumb Code     0  startup_stm32f446xx.o(.text)
    QUADSPI_IRQHandler                       0x080002cf   Thumb Code     0  startup_stm32f446xx.o(.text)
    RCC_IRQHandler                           0x080002cf   Thumb Code     0  startup_stm32f446xx.o(.text)
    RTC_Alarm_IRQHandler                     0x080002cf   Thumb Code     0  startup_stm32f446xx.o(.text)
    RTC_WKUP_IRQHandler                      0x080002cf   Thumb Code     0  startup_stm32f446xx.o(.text)
    SAI1_IRQHandler                          0x080002cf   Thumb Code     0  startup_stm32f446xx.o(.text)
    SAI2_IRQHandler                          0x080002cf   Thumb Code     0  startup_stm32f446xx.o(.text)
    SDIO_IRQHandler                          0x080002cf   Thumb Code     0  startup_stm32f446xx.o(.text)
    SPDIF_RX_IRQHandler                      0x080002cf   Thumb Code     0  startup_stm32f446xx.o(.text)
    SPI1_IRQHandler                          0x080002cf   Thumb Code     0  startup_stm32f446xx.o(.text)
    SPI2_IRQHandler                          0x080002cf   Thumb Code     0  startup_stm32f446xx.o(.text)
    SPI3_IRQHandler                          0x080002cf   Thumb Code     0  startup_stm32f446xx.o(.text)
    SPI4_IRQHandler                          0x080002cf   Thumb Code     0  startup_stm32f446xx.o(.text)
    TAMP_STAMP_IRQHandler                    0x080002cf   Thumb Code     0  startup_stm32f446xx.o(.text)
    TIM1_BRK_TIM9_IRQHandler                 0x080002cf   Thumb Code     0  startup_stm32f446xx.o(.text)
    TIM1_CC_IRQHandler                       0x080002cf   Thumb Code     0  startup_stm32f446xx.o(.text)
    TIM1_TRG_COM_TIM11_IRQHandler            0x080002cf   Thumb Code     0  startup_stm32f446xx.o(.text)
    TIM1_UP_TIM10_IRQHandler                 0x080002cf   Thumb Code     0  startup_stm32f446xx.o(.text)
    TIM2_IRQHandler                          0x080002cf   Thumb Code     0  startup_stm32f446xx.o(.text)
    TIM3_IRQHandler                          0x080002cf   Thumb Code     0  startup_stm32f446xx.o(.text)
    TIM4_IRQHandler                          0x080002cf   Thumb Code     0  startup_stm32f446xx.o(.text)
    TIM5_IRQHandler                          0x080002cf   Thumb Code     0  startup_stm32f446xx.o(.text)
    TIM6_DAC_IRQHandler                      0x080002cf   Thumb Code     0  startup_stm32f446xx.o(.text)
    TIM7_IRQHandler                          0x080002cf   Thumb Code     0  startup_stm32f446xx.o(.text)
    TIM8_BRK_TIM12_IRQHandler                0x080002cf   Thumb Code     0  startup_stm32f446xx.o(.text)
    TIM8_CC_IRQHandler                       0x080002cf   Thumb Code     0  startup_stm32f446xx.o(.text)
    TIM8_TRG_COM_TIM14_IRQHandler            0x080002cf   Thumb Code     0  startup_stm32f446xx.o(.text)
    TIM8_UP_TIM13_IRQHandler                 0x080002cf   Thumb Code     0  startup_stm32f446xx.o(.text)
    UART4_IRQHandler                         0x080002cf   Thumb Code     0  startup_stm32f446xx.o(.text)
    UART5_IRQHandler                         0x080002cf   Thumb Code     0  startup_stm32f446xx.o(.text)
    USART1_IRQHandler                        0x080002cf   Thumb Code     0  startup_stm32f446xx.o(.text)
    USART2_IRQHandler                        0x080002cf   Thumb Code     0  startup_stm32f446xx.o(.text)
    USART6_IRQHandler                        0x080002cf   Thumb Code     0  startup_stm32f446xx.o(.text)
    WWDG_IRQHandler                          0x080002cf   Thumb Code     0  startup_stm32f446xx.o(.text)
    __user_initial_stackheap                 0x080002d1   Thumb Code     0  startup_stm32f446xx.o(.text)
    __aeabi_uldivmod                         0x080002f5   Thumb Code     0  lludivv7m.o(.text)
    _ll_udiv                                 0x080002f5   Thumb Code   240  lludivv7m.o(.text)
    __2sprintf                               0x080003e5   Thumb Code    34  noretval__2sprintf.o(.text)
    __printf                                 0x0800040d   Thumb Code   104  __printf.o(.text)
    _printf_int_dec                          0x08000475   Thumb Code   104  _printf_dec.o(.text)
    _printf_int_hex                          0x080004ed   Thumb Code    84  _printf_hex_int.o(.text)
    _printf_longlong_hex                     0x080004ed   Thumb Code     0  _printf_hex_int.o(.text)
    strlen                                   0x08000545   Thumb Code    62  strlen.o(.text)
    __aeabi_memclr                           0x08000583   Thumb Code     0  rt_memclr.o(.text)
    __rt_memclr                              0x08000583   Thumb Code     0  rt_memclr.o(.text)
    _memset                                  0x08000587   Thumb Code    64  rt_memclr.o(.text)
    __aeabi_memclr4                          0x080005c7   Thumb Code     0  rt_memclr_w.o(.text)
    __aeabi_memclr8                          0x080005c7   Thumb Code     0  rt_memclr_w.o(.text)
    __rt_memclr_w                            0x080005c7   Thumb Code     0  rt_memclr_w.o(.text)
    _memset_w                                0x080005cb   Thumb Code    74  rt_memclr_w.o(.text)
    __use_two_region_memory                  0x08000615   Thumb Code     2  heapauxi.o(.text)
    __rt_heap_escrow$2region                 0x08000617   Thumb Code     2  heapauxi.o(.text)
    __rt_heap_expand$2region                 0x08000619   Thumb Code     2  heapauxi.o(.text)
    __read_errno                             0x0800061b   Thumb Code    10  _rserrno.o(.text)
    __set_errno                              0x08000625   Thumb Code    12  _rserrno.o(.text)
    _printf_int_common                       0x08000631   Thumb Code   178  _printf_intcommon.o(.text)
    _printf_fp_dec_real                      0x08000893   Thumb Code   620  _printf_fp_dec.o(.text)
    _printf_char_common                      0x08000b0b   Thumb Code    32  _printf_char_common.o(.text)
    _sputc                                   0x08000b31   Thumb Code    10  _sputc.o(.text)
    __rt_locale                              0x08000b3d   Thumb Code     8  rt_locale_intlibspace.o(.text)
    __aeabi_errno_addr                       0x08000b45   Thumb Code     8  rt_errno_addr_intlibspace.o(.text)
    __errno$intlibspace                      0x08000b45   Thumb Code     0  rt_errno_addr_intlibspace.o(.text)
    __rt_errno_addr$intlibspace              0x08000b45   Thumb Code     0  rt_errno_addr_intlibspace.o(.text)
    _ll_udiv10                               0x08000b4d   Thumb Code   138  lludiv10.o(.text)
    _printf_fp_infnan                        0x08000bd9   Thumb Code   112  _printf_fp_infnan.o(.text)
    _btod_etento                             0x08000c59   Thumb Code   224  bigflt0.o(.text)
    __user_libspace                          0x08000d3d   Thumb Code     8  libspace.o(.text)
    __user_perproc_libspace                  0x08000d3d   Thumb Code     0  libspace.o(.text)
    __user_perthread_libspace                0x08000d3d   Thumb Code     0  libspace.o(.text)
    __user_setup_stackheap                   0x08000d45   Thumb Code    74  sys_stackheap_outer.o(.text)
    exit                                     0x08000d8f   Thumb Code    18  exit.o(.text)
    strcmp                                   0x08000da1   Thumb Code   124  strcmpv7em.o(.text)
    _sys_exit                                0x08000e1d   Thumb Code     8  sys_exit.o(.text)
    __I$use$semihosting                      0x08000e29   Thumb Code     0  use_no_semi.o(.text)
    __use_no_semihosting_swi                 0x08000e29   Thumb Code     2  use_no_semi.o(.text)
    AddVectors_V2                            0x08000e2b   Thumb Code    10  physics.o(.text.AddVectors_V2)
    __semihosting_library_function           0x08000e2b   Thumb Code     0  indicate_semi.o(.text)
    BlankVector_V2                           0x08000e35   Thumb Code    12  physics.o(.text.BlankVector_V2)
    BusFault_Handler                         0x08000e45   Thumb Code     2  stm32f4xx_it.o(.text.BusFault_Handler)
    DMA1_Stream3_IRQHandler                  0x08000e47   Thumb Code    12  stm32f4xx_it.o(.text.DMA1_Stream3_IRQHandler)
    DMA1_Stream5_IRQHandler                  0x08000e53   Thumb Code    12  stm32f4xx_it.o(.text.DMA1_Stream5_IRQHandler)
    DMA2_Stream3_IRQHandler                  0x08000e5f   Thumb Code    12  stm32f4xx_it.o(.text.DMA2_Stream3_IRQHandler)
    DebugMon_Handler                         0x08000e6b   Thumb Code     2  stm32f4xx_it.o(.text.DebugMon_Handler)
    EXTI15_10_IRQHandler                     0x08000e6d   Thumb Code    48  stm32f4xx_it.o(.text.EXTI15_10_IRQHandler)
    Error_Handler                            0x08000e9d   Thumb Code     6  main.o(.text.Error_Handler)
    GetCellFromPosition                      0x08000ea9   Thumb Code   176  fluid_sim.o(.text.GetCellFromPosition)
    HAL_DMA_Abort                            0x08000f69   Thumb Code   128  stm32f4xx_hal_dma.o(.text.HAL_DMA_Abort)
    HAL_DMA_Abort_IT                         0x08000fe9   Thumb Code    36  stm32f4xx_hal_dma.o(.text.HAL_DMA_Abort_IT)
    HAL_DMA_IRQHandler                       0x0800100d   Thumb Code   390  stm32f4xx_hal_dma.o(.text.HAL_DMA_IRQHandler)
    HAL_DMA_Init                             0x08001195   Thumb Code   328  stm32f4xx_hal_dma.o(.text.HAL_DMA_Init)
    HAL_DMA_Start_IT                         0x080012dd   Thumb Code   160  stm32f4xx_hal_dma.o(.text.HAL_DMA_Start_IT)
    HAL_Delay                                0x0800137d   Thumb Code    40  stm32f4xx_hal.o(.text.HAL_Delay)
    HAL_GPIO_EXTI_Callback                   0x080013a5   Thumb Code     2  stm32f4xx_hal_gpio.o(.text.HAL_GPIO_EXTI_Callback)
    HAL_GPIO_EXTI_IRQHandler                 0x080013a7   Thumb Code    22  stm32f4xx_hal_gpio.o(.text.HAL_GPIO_EXTI_IRQHandler)
    HAL_GPIO_Init                            0x080013bd   Thumb Code   408  stm32f4xx_hal_gpio.o(.text.HAL_GPIO_Init)
    HAL_GPIO_WritePin                        0x08001555   Thumb Code    10  stm32f4xx_hal_gpio.o(.text.HAL_GPIO_WritePin)
    HAL_GetTick                              0x0800155f   Thumb Code    12  stm32f4xx_hal.o(.text.HAL_GetTick)
    HAL_IncTick                              0x0800156b   Thumb Code    26  stm32f4xx_hal.o(.text.HAL_IncTick)
    HAL_Init                                 0x08001585   Thumb Code    54  stm32f4xx_hal.o(.text.HAL_Init)
    HAL_InitTick                             0x080015bb   Thumb Code    80  stm32f4xx_hal.o(.text.HAL_InitTick)
    HAL_MspInit                              0x0800160b   Thumb Code    56  stm32f4xx_hal_msp.o(.text.HAL_MspInit)
    HAL_NVIC_EnableIRQ                       0x08001643   Thumb Code    32  stm32f4xx_hal_cortex.o(.text.HAL_NVIC_EnableIRQ)
    HAL_NVIC_SetPriority                     0x08001663   Thumb Code    86  stm32f4xx_hal_cortex.o(.text.HAL_NVIC_SetPriority)
    HAL_NVIC_SetPriorityGrouping             0x080016b9   Thumb Code    32  stm32f4xx_hal_cortex.o(.text.HAL_NVIC_SetPriorityGrouping)
    HAL_PCDEx_ActivateLPM                    0x080016d9   Thumb Code    38  stm32f4xx_hal_pcd_ex.o(.text.HAL_PCDEx_ActivateLPM)
    HAL_PCD_Init                             0x08001701   Thumb Code   236  stm32f4xx_hal_pcd.o(.text.HAL_PCD_Init)
    HAL_PCD_MspInit                          0x080017ed   Thumb Code   166  stm32f4xx_hal_msp.o(.text.HAL_PCD_MspInit)
    HAL_RCCEx_PeriphCLKConfig                0x08001895   Thumb Code  1048  stm32f4xx_hal_rcc_ex.o(.text.HAL_RCCEx_PeriphCLKConfig)
    HAL_RCC_ClockConfig                      0x08001cad   Thumb Code   338  stm32f4xx_hal_rcc.o(.text.HAL_RCC_ClockConfig)
    HAL_RCC_GetPCLK1Freq                     0x08001dff   Thumb Code    38  stm32f4xx_hal_rcc.o(.text.HAL_RCC_GetPCLK1Freq)
    HAL_RCC_GetPCLK2Freq                     0x08001e25   Thumb Code    38  stm32f4xx_hal_rcc.o(.text.HAL_RCC_GetPCLK2Freq)
    HAL_RCC_GetSysClockFreq                  0x08001e4d   Thumb Code   156  stm32f4xx_hal_rcc_ex.o(.text.HAL_RCC_GetSysClockFreq)
    HAL_RCC_OscConfig                        0x08001ee9   Thumb Code   918  stm32f4xx_hal_rcc_ex.o(.text.HAL_RCC_OscConfig)
    HAL_SPI_ErrorCallback                    0x0800227f   Thumb Code     2  stm32f4xx_hal_spi.o(.text.HAL_SPI_ErrorCallback)
    HAL_SPI_GetState                         0x08002281   Thumb Code     6  stm32f4xx_hal_spi.o(.text.HAL_SPI_GetState)
    HAL_SPI_Init                             0x08002287   Thumb Code   176  stm32f4xx_hal_spi.o(.text.HAL_SPI_Init)
    HAL_SPI_MspInit                          0x08002337   Thumb Code   326  stm32f4xx_hal_msp.o(.text.HAL_SPI_MspInit)
    HAL_SPI_Transmit                         0x0800247d   Thumb Code   370  stm32f4xx_hal_spi.o(.text.HAL_SPI_Transmit)
    HAL_SPI_TransmitReceive                  0x080025f1   Thumb Code   492  stm32f4xx_hal_spi.o(.text.HAL_SPI_TransmitReceive)
    HAL_SPI_Transmit_DMA                     0x080027dd   Thumb Code   206  stm32f4xx_hal_spi.o(.text.HAL_SPI_Transmit_DMA)
    HAL_SPI_TxCpltCallback                   0x080028ab   Thumb Code     2  stm32f4xx_hal_spi.o(.text.HAL_SPI_TxCpltCallback)
    HAL_SPI_TxHalfCpltCallback               0x080028ad   Thumb Code     2  stm32f4xx_hal_spi.o(.text.HAL_SPI_TxHalfCpltCallback)
    HAL_SYSTICK_Config                       0x080028af   Thumb Code    44  stm32f4xx_hal_cortex.o(.text.HAL_SYSTICK_Config)
    HAL_TIMEx_MasterConfigSynchronization    0x080028db   Thumb Code   178  stm32f4xx_hal_tim_ex.o(.text.HAL_TIMEx_MasterConfigSynchronization)
    HAL_TIM_Base_Init                        0x0800298d   Thumb Code    88  stm32f4xx_hal_tim.o(.text.HAL_TIM_Base_Init)
    HAL_TIM_Base_MspInit                     0x080029e5   Thumb Code    52  stm32f4xx_hal_msp.o(.text.HAL_TIM_Base_MspInit)
    HAL_UARTEx_RxEventCallback               0x08002a19   Thumb Code     2  stm32f4xx_hal_uart.o(.text.HAL_UARTEx_RxEventCallback)
    HAL_UART_ErrorCallback                   0x08002a1b   Thumb Code     2  stm32f4xx_hal_uart.o(.text.HAL_UART_ErrorCallback)
    HAL_UART_IRQHandler                      0x08002a1d   Thumb Code   696  stm32f4xx_hal_uart.o(.text.HAL_UART_IRQHandler)
    HAL_UART_Init                            0x08002cd5   Thumb Code    94  stm32f4xx_hal_uart.o(.text.HAL_UART_Init)
    HAL_UART_MspInit                         0x08002d33   Thumb Code   194  stm32f4xx_hal_msp.o(.text.HAL_UART_MspInit)
    HAL_UART_RxCpltCallback                  0x08002df5   Thumb Code     2  stm32f4xx_hal_uart.o(.text.HAL_UART_RxCpltCallback)
    HAL_UART_Transmit                        0x08002df9   Thumb Code   170  stm32f4xx_hal_uart.o(.text.HAL_UART_Transmit)
    HAL_UART_TxCpltCallback                  0x08002ea3   Thumb Code     2  stm32f4xx_hal_uart.o(.text.HAL_UART_TxCpltCallback)
    HardFault_Handler                        0x08002ea5   Thumb Code     2  stm32f4xx_it.o(.text.HardFault_Handler)
    Magnitude_V2                             0x08002ea7   Thumb Code    18  physics.o(.text.Magnitude_V2)
    MemManage_Handler                        0x08002eb9   Thumb Code     2  stm32f4xx_it.o(.text.MemManage_Handler)
    NMI_Handler                              0x08002ebd   Thumb Code     2  stm32f4xx_it.o(.text.NMI_Handler)
    PendSV_Handler                           0x08002ebf   Thumb Code     2  stm32f4xx_it.o(.text.PendSV_Handler)
    SVC_Handler                              0x080030b3   Thumb Code     2  stm32f4xx_it.o(.text.SVC_Handler)
    ScalarMult_V2                            0x080030b5   Thumb Code    10  physics.o(.text.ScalarMult_V2)
    Sim_Grid_Step                            0x080030c1   Thumb Code   412  fluid_sim.o(.text.Sim_Grid_Step)
    Sim_Particle_HandleCellCollisions        0x08003269   Thumb Code   308  fluid_sim.o(.text.Sim_Particle_HandleCellCollisions)
    Sim_Particle_Init                        0x080033a1   Thumb Code   236  fluid_sim.o(.text.Sim_Particle_Init)
    Sim_Particle_PushParticlesApart          0x08003491   Thumb Code   464  fluid_sim.o(.text.Sim_Particle_PushParticlesApart)
    Sim_Particle_Step                        0x08003669   Thumb Code   132  fluid_sim.o(.text.Sim_Particle_Step)
    Sim_Physics_Init                         0x080036f1   Thumb Code    50  fluid_sim.o(.text.Sim_Physics_Init)
    Sim_Physics_Step                         0x08003723   Thumb Code    30  fluid_sim.o(.text.Sim_Physics_Step)
    Sim_TransferVelocities                   0x08003741   Thumb Code   316  fluid_sim.o(.text.Sim_TransferVelocities)
    SysTick_Handler                          0x0800387d   Thumb Code     4  stm32f4xx_it.o(.text.SysTick_Handler)
    SystemClock_Config                       0x08003881   Thumb Code   170  main.o(.text.SystemClock_Config)
    SystemInit                               0x0800392b   Thumb Code    18  system_stm32f4xx.o(.text.SystemInit)
    TIM_Base_SetConfig                       0x0800393d   Thumb Code   300  stm32f4xx_hal_tim.o(.text.TIM_Base_SetConfig)
    USART3_IRQHandler                        0x08003cdf   Thumb Code    12  stm32f4xx_it.o(.text.USART3_IRQHandler)
    USB_CoreInit                             0x08003ceb   Thumb Code   134  stm32f4xx_ll_usb.o(.text.USB_CoreInit)
    USB_DevDisconnect                        0x08003dbb   Thumb Code    30  stm32f4xx_ll_usb.o(.text.USB_DevDisconnect)
    USB_DevInit                              0x08003dd9   Thumb Code   380  stm32f4xx_ll_usb.o(.text.USB_DevInit)
    USB_DisableGlobalInt                     0x08003f55   Thumb Code    14  stm32f4xx_ll_usb.o(.text.USB_DisableGlobalInt)
    USB_FlushRxFifo                          0x08003f65   Thumb Code    70  stm32f4xx_ll_usb.o(.text.USB_FlushRxFifo)
    USB_FlushTxFifo                          0x08003fad   Thumb Code    70  stm32f4xx_ll_usb.o(.text.USB_FlushTxFifo)
    USB_SetCurrentMode                       0x08003ff5   Thumb Code   100  stm32f4xx_ll_usb.o(.text.USB_SetCurrentMode)
    UsageFault_Handler                       0x08004059   Thumb Code     2  stm32f4xx_it.o(.text.UsageFault_Handler)
    accel_init                               0x0800405d   Thumb Code   208  accelerometer.o(.text.accel_init)
    accel_poll                               0x080041b1   Thumb Code   140  accelerometer.o(.text.accel_poll)
    accel_read                               0x08004255   Thumb Code   204  accelerometer.o(.text.accel_read)
    accel_write                              0x08004355   Thumb Code   200  accelerometer.o(.text.accel_write)
    main                                     0x08004451   Thumb Code  1624  main.o(.text.main)
    oled_cmd                                 0x08004ae5   Thumb Code    86  oled.o(.text.oled_cmd)
    oled_drawframe                           0x08004b3d   Thumb Code   114  main.o(.text.oled_drawframe)
    oled_eraseRect                           0x08004baf   Thumb Code    48  oled.o(.text.oled_eraseRect)
    oled_init                                0x08004be1   Thumb Code   708  oled.o(.text.oled_init)
    print_msg                                0x08004f19   Thumb Code    30  main.o(.text.print_msg)
    renderImage                              0x08004f39   Thumb Code   112  fluid_sim.o(.text.renderImage)
    _btod_d2e                                0x08004fad   Thumb Code    62  btod.o(CL$$btod_d2e)
    _d2e_denorm_low                          0x08004feb   Thumb Code    70  btod.o(CL$$btod_d2e_denorm_low)
    _d2e_norm_op1                            0x08005031   Thumb Code    96  btod.o(CL$$btod_d2e_norm_op1)
    __btod_div_common                        0x08005091   Thumb Code   696  btod.o(CL$$btod_div_common)
    _e2e                                     0x080053c9   Thumb Code   220  btod.o(CL$$btod_e2e)
    _btod_ediv                               0x080054a5   Thumb Code    42  btod.o(CL$$btod_ediv)
    _btod_emul                               0x080054cf   Thumb Code    42  btod.o(CL$$btod_emul)
    __btod_mult_common                       0x080054f9   Thumb Code   580  btod.o(CL$$btod_mult_common)
    __ARM_fpclassify                         0x0800573d   Thumb Code    48  fpclassify.o(i.__ARM_fpclassify)
    __hardfp_atan                            0x08005771   Thumb Code   622  atan.o(i.__hardfp_atan)
    __hardfp_atan2                           0x08005a49   Thumb Code   448  atan2.o(i.__hardfp_atan2)
    __hardfp_sqrt                            0x08005c49   Thumb Code   122  sqrt.o(i.__hardfp_sqrt)
    __kernel_poly                            0x08005cc3   Thumb Code   248  poly.o(i.__kernel_poly)
    __mathlib_dbl_infnan                     0x08005dbb   Thumb Code    20  dunder.o(i.__mathlib_dbl_infnan)
    __mathlib_dbl_infnan2                    0x08005dcf   Thumb Code    20  dunder.o(i.__mathlib_dbl_infnan2)
    __mathlib_dbl_underflow                  0x08005de9   Thumb Code    24  dunder.o(i.__mathlib_dbl_underflow)
    atan                                     0x08005e09   Thumb Code    16  atan.o(i.atan)
    fabs                                     0x08005e19   Thumb Code    24  fabs.o(i.fabs)
    _get_lc_numeric                          0x08005e31   Thumb Code    44  lc_numeric_c.o(locale$$code)
    __aeabi_dneg                             0x08005e5d   Thumb Code     0  basic.o(x$fpl$basic)
    _dneg                                    0x08005e5d   Thumb Code     6  basic.o(x$fpl$basic)
    __aeabi_fneg                             0x08005e63   Thumb Code     0  basic.o(x$fpl$basic)
    _fneg                                    0x08005e63   Thumb Code     6  basic.o(x$fpl$basic)
    _dabs                                    0x08005e69   Thumb Code     6  basic.o(x$fpl$basic)
    _fabs                                    0x08005e6f   Thumb Code     6  basic.o(x$fpl$basic)
    __aeabi_d2f                              0x08005e75   Thumb Code     0  d2f.o(x$fpl$d2f)
    _d2f                                     0x08005e75   Thumb Code    98  d2f.o(x$fpl$d2f)
    __aeabi_dadd                             0x08005ed9   Thumb Code     0  daddsub_clz.o(x$fpl$dadd)
    _dadd                                    0x08005ed9   Thumb Code   332  daddsub_clz.o(x$fpl$dadd)
    __fpl_dcmp_Inf                           0x08006029   Thumb Code    24  dcmpi.o(x$fpl$dcmpinf)
    __aeabi_ddiv                             0x08006041   Thumb Code     0  ddiv.o(x$fpl$ddiv)
    _ddiv                                    0x08006041   Thumb Code   560  ddiv.o(x$fpl$ddiv)
    __aeabi_cdcmpeq                          0x080062f9   Thumb Code     0  deqf.o(x$fpl$deqf)
    _dcmpeq                                  0x080062f9   Thumb Code   120  deqf.o(x$fpl$deqf)
    __aeabi_d2iz                             0x08006371   Thumb Code     0  dfix.o(x$fpl$dfix)
    _dfix                                    0x08006371   Thumb Code    94  dfix.o(x$fpl$dfix)
    __aeabi_i2d                              0x080063cf   Thumb Code     0  dflt_clz.o(x$fpl$dflt)
    _dflt                                    0x080063cf   Thumb Code    46  dflt_clz.o(x$fpl$dflt)
    __aeabi_ui2d                             0x080063fd   Thumb Code     0  dflt_clz.o(x$fpl$dfltu)
    _dfltu                                   0x080063fd   Thumb Code    38  dflt_clz.o(x$fpl$dfltu)
    __aeabi_dmul                             0x08006425   Thumb Code     0  dmul.o(x$fpl$dmul)
    _dmul                                    0x08006425   Thumb Code   332  dmul.o(x$fpl$dmul)
    __fpl_dnaninf                            0x08006579   Thumb Code   156  dnaninf.o(x$fpl$dnaninf)
    __fpl_dretinf                            0x08006615   Thumb Code    12  dretinf.o(x$fpl$dretinf)
    __aeabi_drsub                            0x08006621   Thumb Code     0  daddsub_clz.o(x$fpl$drsb)
    _drsb                                    0x08006621   Thumb Code    22  daddsub_clz.o(x$fpl$drsb)
    _dsqrt                                   0x08006639   Thumb Code   404  dsqrt_umaal.o(x$fpl$dsqrt)
    __aeabi_dsub                             0x080067d1   Thumb Code     0  daddsub_clz.o(x$fpl$dsub)
    _dsub                                    0x080067d1   Thumb Code   472  daddsub_clz.o(x$fpl$dsub)
    __aeabi_f2d                              0x080069ad   Thumb Code     0  f2d.o(x$fpl$f2d)
    _f2d                                     0x080069ad   Thumb Code    86  f2d.o(x$fpl$f2d)
    __fpl_fnaninf                            0x08006a03   Thumb Code   140  fnaninf.o(x$fpl$fnaninf)
    _fp_init                                 0x08006a8f   Thumb Code    26  fpinit.o(x$fpl$fpinit)
    __fplib_config_fpu_vfp                   0x08006aa7   Thumb Code     0  fpinit.o(x$fpl$fpinit)
    __fplib_config_pureend_doubles           0x08006aa7   Thumb Code     0  fpinit.o(x$fpl$fpinit)
    __fpl_fretinf                            0x08006aa9   Thumb Code    10  fretinf.o(x$fpl$fretinf)
    _printf_fp_dec                           0x08006ab3   Thumb Code     4  printf1.o(x$fpl$printf1)
    __I$use$fp                               0x08006ab6   Number         0  usenofp.o(x$fpl$usenofp)
    __mathlib_zero                           0x08006b78   Data           8  qnan.o(.constdata)
    AHBPrescTable                            0x08006c14   Data          16  system_stm32f4xx.o(.rodata.AHBPrescTable)
    APBPrescTable                            0x08006c24   Data           8  system_stm32f4xx.o(.rodata.APBPrescTable)
    Region$$Table$$Base                      0x08006cc8   Number         0  anon$$obj.o(Region$$Table)
    Region$$Table$$Limit                     0x08006ce8   Number         0  anon$$obj.o(Region$$Table)
    SystemCoreClock                          0x20000000   Data           4  system_stm32f4xx.o(.data.SystemCoreClock)
    uwTickFreq                               0x20000004   Data           1  stm32f4xx_hal.o(.data.uwTickFreq)
    uwTickPrio                               0x20000008   Data           4  stm32f4xx_hal.o(.data.uwTickPrio)
    __libspace_start                         0x20000010   Data          96  libspace.o(.bss)
    GravityVector                            0x20000070   Data           8  main.o(.bss.GravityVector)
    __temporary_stack_top$libspace           0x20000070   Data           0  libspace.o(.bss)
    accel_data                               0x20000078   Data           3  main.o(.bss.accel_data)
    btn_press                                0x2000007b   Data           1  main.o(.bss.btn_press)
    grid_array                               0x2000007c   Data       55296  main.o(.bss.grid_array)
    hdma_spi1_tx                             0x2000d87c   Data          96  main.o(.bss.hdma_spi1_tx)
    hdma_spi3_tx                             0x2000d8dc   Data          96  main.o(.bss.hdma_spi3_tx)
    hdma_usart3_tx                           0x2000d93c   Data          96  main.o(.bss.hdma_usart3_tx)
    hpcd_USB_OTG_FS                          0x2000d99c   Data        1252  main.o(.bss.hpcd_USB_OTG_FS)
    hspi1                                    0x2000de80   Data          88  main.o(.bss.hspi1)
    hspi3                                    0x2000ded8   Data          88  main.o(.bss.hspi3)
    htim6                                    0x2000df30   Data          72  main.o(.bss.htim6)
    huart3                                   0x2000df78   Data          72  main.o(.bss.huart3)
    image_buff                               0x2000dfc0   Data       12288  main.o(.bss.image_buff)
    main_msg                                 0x20010fc0   Data         140  main.o(.bss.main_msg)
    particle_array                           0x2001104c   Data       57344  main.o(.bss.particle_array)
    pitch                                    0x2001f050   Data           8  main.o(.bss.pitch)
    roll                                     0x2001f058   Data           8  main.o(.bss.roll)
    uwTick                                   0x2001f060   Data           4  stm32f4xx_hal.o(.bss.uwTick)
    x                                        0x2001f068   Data           8  main.o(.bss.x)
    y                                        0x2001f070   Data           8  main.o(.bss.y)
    z                                        0x2001f078   Data           8  main.o(.bss.z)



==============================================================================

Memory Map of the image

  Image Entry point : 0x080001c5

  Load Region LR_IROM1 (Base: 0x08000000, Size: 0x00006d18, Max: 0x00080000, ABSOLUTE)

    Execution Region ER_IROM1 (Exec base: 0x08000000, Load base: 0x08000000, Size: 0x00006d04, Max: 0x00080000, ABSOLUTE)

    Exec Addr    Load Addr    Size         Type   Attr      Idx    E Section Name        Object

    0x08000000   0x08000000   0x000001c4   Data   RO            3    RESET               startup_stm32f446xx.o
    0x080001c4   0x080001c4   0x00000008   Code   RO         1507  * !!!main             c_w.l(__main.o)
    0x080001cc   0x080001cc   0x0000005c   Code   RO         1840    !!!scatter          c_w.l(__scatter.o)
    0x08000228   0x08000228   0x0000001a   Code   RO         1844    !!handler_copy      c_w.l(__scatter_copy.o)
    0x08000242   0x08000242   0x00000002   PAD
    0x08000244   0x08000244   0x00000002   Code   RO         1841    !!handler_null      c_w.l(__scatter.o)
    0x08000246   0x08000246   0x00000002   PAD
    0x08000248   0x08000248   0x0000001c   Code   RO         1846    !!handler_zi        c_w.l(__scatter_zi.o)
    0x08000264   0x08000264   0x00000000   Code   RO         1496    .ARM.Collect$$_printf_percent$$00000000  c_w.l(_printf_percent.o)
    0x08000264   0x08000264   0x00000006   Code   RO         1495    .ARM.Collect$$_printf_percent$$00000003  c_w.l(_printf_f.o)
    0x0800026a   0x0800026a   0x00000006   Code   RO         1494    .ARM.Collect$$_printf_percent$$00000009  c_w.l(_printf_d.o)
    0x08000270   0x08000270   0x00000006   Code   RO         1493    .ARM.Collect$$_printf_percent$$0000000C  c_w.l(_printf_x.o)
    0x08000276   0x08000276   0x00000004   Code   RO         1566    .ARM.Collect$$_printf_percent$$00000017  c_w.l(_printf_percent_end.o)
    0x0800027a   0x0800027a   0x00000002   Code   RO         1703    .ARM.Collect$$libinit$$00000000  c_w.l(libinit.o)
    0x0800027c   0x0800027c   0x00000004   Code   RO         1704    .ARM.Collect$$libinit$$00000001  c_w.l(libinit2.o)
    0x08000280   0x08000280   0x00000000   Code   RO         1707    .ARM.Collect$$libinit$$00000004  c_w.l(libinit2.o)
    0x08000280   0x08000280   0x00000000   Code   RO         1709    .ARM.Collect$$libinit$$00000006  c_w.l(libinit2.o)
    0x08000280   0x08000280   0x00000000   Code   RO         1712    .ARM.Collect$$libinit$$0000000C  c_w.l(libinit2.o)
    0x08000280   0x08000280   0x00000000   Code   RO         1714    .ARM.Collect$$libinit$$0000000E  c_w.l(libinit2.o)
    0x08000280   0x08000280   0x00000000   Code   RO         1716    .ARM.Collect$$libinit$$00000010  c_w.l(libinit2.o)
    0x08000280   0x08000280   0x00000006   Code   RO         1717    .ARM.Collect$$libinit$$00000011  c_w.l(libinit2.o)
    0x08000286   0x08000286   0x00000000   Code   RO         1719    .ARM.Collect$$libinit$$00000013  c_w.l(libinit2.o)
    0x08000286   0x08000286   0x00000000   Code   RO         1721    .ARM.Collect$$libinit$$00000015  c_w.l(libinit2.o)
    0x08000286   0x08000286   0x00000000   Code   RO         1723    .ARM.Collect$$libinit$$00000017  c_w.l(libinit2.o)
    0x08000286   0x08000286   0x0000000a   Code   RO         1724    .ARM.Collect$$libinit$$00000018  c_w.l(libinit2.o)
    0x08000290   0x08000290   0x00000000   Code   RO         1725    .ARM.Collect$$libinit$$00000019  c_w.l(libinit2.o)
    0x08000290   0x08000290   0x00000000   Code   RO         1727    .ARM.Collect$$libinit$$0000001B  c_w.l(libinit2.o)
    0x08000290   0x08000290   0x00000000   Code   RO         1729    .ARM.Collect$$libinit$$0000001D  c_w.l(libinit2.o)
    0x08000290   0x08000290   0x00000000   Code   RO         1731    .ARM.Collect$$libinit$$0000001F  c_w.l(libinit2.o)
    0x08000290   0x08000290   0x00000000   Code   RO         1733    .ARM.Collect$$libinit$$00000021  c_w.l(libinit2.o)
    0x08000290   0x08000290   0x00000000   Code   RO         1735    .ARM.Collect$$libinit$$00000023  c_w.l(libinit2.o)
    0x08000290   0x08000290   0x00000000   Code   RO         1737    .ARM.Collect$$libinit$$00000025  c_w.l(libinit2.o)
    0x08000290   0x08000290   0x00000000   Code   RO         1739    .ARM.Collect$$libinit$$00000027  c_w.l(libinit2.o)
    0x08000290   0x08000290   0x00000000   Code   RO         1743    .ARM.Collect$$libinit$$0000002E  c_w.l(libinit2.o)
    0x08000290   0x08000290   0x00000000   Code   RO         1745    .ARM.Collect$$libinit$$00000030  c_w.l(libinit2.o)
    0x08000290   0x08000290   0x00000000   Code   RO         1747    .ARM.Collect$$libinit$$00000032  c_w.l(libinit2.o)
    0x08000290   0x08000290   0x00000000   Code   RO         1749    .ARM.Collect$$libinit$$00000034  c_w.l(libinit2.o)
    0x08000290   0x08000290   0x00000002   Code   RO         1750    .ARM.Collect$$libinit$$00000035  c_w.l(libinit2.o)
    0x08000292   0x08000292   0x00000002   Code   RO         1805    .ARM.Collect$$libshutdown$$00000000  c_w.l(libshutdown.o)
    0x08000294   0x08000294   0x00000000   Code   RO         1823    .ARM.Collect$$libshutdown$$00000002  c_w.l(libshutdown2.o)
    0x08000294   0x08000294   0x00000000   Code   RO         1825    .ARM.Collect$$libshutdown$$00000004  c_w.l(libshutdown2.o)
    0x08000294   0x08000294   0x00000000   Code   RO         1828    .ARM.Collect$$libshutdown$$00000007  c_w.l(libshutdown2.o)
    0x08000294   0x08000294   0x00000000   Code   RO         1831    .ARM.Collect$$libshutdown$$0000000A  c_w.l(libshutdown2.o)
    0x08000294   0x08000294   0x00000000   Code   RO         1833    .ARM.Collect$$libshutdown$$0000000C  c_w.l(libshutdown2.o)
    0x08000294   0x08000294   0x00000000   Code   RO         1836    .ARM.Collect$$libshutdown$$0000000F  c_w.l(libshutdown2.o)
    0x08000294   0x08000294   0x00000002   Code   RO         1837    .ARM.Collect$$libshutdown$$00000010  c_w.l(libshutdown2.o)
    0x08000296   0x08000296   0x00000000   Code   RO         1549    .ARM.Collect$$rtentry$$00000000  c_w.l(__rtentry.o)
    0x08000296   0x08000296   0x00000000   Code   RO         1613    .ARM.Collect$$rtentry$$00000002  c_w.l(__rtentry2.o)
    0x08000296   0x08000296   0x00000006   Code   RO         1625    .ARM.Collect$$rtentry$$00000004  c_w.l(__rtentry4.o)
    0x0800029c   0x0800029c   0x00000000   Code   RO         1615    .ARM.Collect$$rtentry$$00000009  c_w.l(__rtentry2.o)
    0x0800029c   0x0800029c   0x00000004   Code   RO         1616    .ARM.Collect$$rtentry$$0000000A  c_w.l(__rtentry2.o)
    0x080002a0   0x080002a0   0x00000000   Code   RO         1618    .ARM.Collect$$rtentry$$0000000C  c_w.l(__rtentry2.o)
    0x080002a0   0x080002a0   0x00000008   Code   RO         1619    .ARM.Collect$$rtentry$$0000000D  c_w.l(__rtentry2.o)
    0x080002a8   0x080002a8   0x00000002   Code   RO         1751    .ARM.Collect$$rtexit$$00000000  c_w.l(rtexit.o)
    0x080002aa   0x080002aa   0x00000000   Code   RO         1770    .ARM.Collect$$rtexit$$00000002  c_w.l(rtexit2.o)
    0x080002aa   0x080002aa   0x00000004   Code   RO         1771    .ARM.Collect$$rtexit$$00000003  c_w.l(rtexit2.o)
    0x080002ae   0x080002ae   0x00000006   Code   RO         1772    .ARM.Collect$$rtexit$$00000004  c_w.l(rtexit2.o)
    0x080002b4   0x080002b4   0x00000040   Code   RO            4    .text               startup_stm32f446xx.o
    0x080002f4   0x080002f4   0x000000f0   Code   RO         1442    .text               c_w.l(lludivv7m.o)
    0x080003e4   0x080003e4   0x00000028   Code   RO         1446    .text               c_w.l(noretval__2sprintf.o)
    0x0800040c   0x0800040c   0x00000068   Code   RO         1448    .text               c_w.l(__printf.o)
    0x08000474   0x08000474   0x00000078   Code   RO         1450    .text               c_w.l(_printf_dec.o)
    0x080004ec   0x080004ec   0x00000058   Code   RO         1455    .text               c_w.l(_printf_hex_int.o)
    0x08000544   0x08000544   0x0000003e   Code   RO         1497    .text               c_w.l(strlen.o)
    0x08000582   0x08000582   0x00000044   Code   RO         1501    .text               c_w.l(rt_memclr.o)
    0x080005c6   0x080005c6   0x0000004e   Code   RO         1503    .text               c_w.l(rt_memclr_w.o)
    0x08000614   0x08000614   0x00000006   Code   RO         1505    .text               c_w.l(heapauxi.o)
    0x0800061a   0x0800061a   0x00000016   Code   RO         1554    .text               c_w.l(_rserrno.o)
    0x08000630   0x08000630   0x000000b2   Code   RO         1556    .text               c_w.l(_printf_intcommon.o)
    0x080006e2   0x080006e2   0x0000041c   Code   RO         1558    .text               c_w.l(_printf_fp_dec.o)
    0x08000afe   0x08000afe   0x00000002   PAD
    0x08000b00   0x08000b00   0x00000030   Code   RO         1562    .text               c_w.l(_printf_char_common.o)
    0x08000b30   0x08000b30   0x0000000a   Code   RO         1564    .text               c_w.l(_sputc.o)
    0x08000b3a   0x08000b3a   0x00000002   PAD
    0x08000b3c   0x08000b3c   0x00000008   Code   RO         1632    .text               c_w.l(rt_locale_intlibspace.o)
    0x08000b44   0x08000b44   0x00000008   Code   RO         1637    .text               c_w.l(rt_errno_addr_intlibspace.o)
    0x08000b4c   0x08000b4c   0x0000008a   Code   RO         1639    .text               c_w.l(lludiv10.o)
    0x08000bd6   0x08000bd6   0x00000002   PAD
    0x08000bd8   0x08000bd8   0x00000080   Code   RO         1641    .text               c_w.l(_printf_fp_infnan.o)
    0x08000c58   0x08000c58   0x000000e4   Code   RO         1645    .text               c_w.l(bigflt0.o)
    0x08000d3c   0x08000d3c   0x00000008   Code   RO         1683    .text               c_w.l(libspace.o)
    0x08000d44   0x08000d44   0x0000004a   Code   RO         1686    .text               c_w.l(sys_stackheap_outer.o)
    0x08000d8e   0x08000d8e   0x00000012   Code   RO         1690    .text               c_w.l(exit.o)
    0x08000da0   0x08000da0   0x0000007c   Code   RO         1696    .text               c_w.l(strcmpv7em.o)
    0x08000e1c   0x08000e1c   0x0000000c   Code   RO         1765    .text               c_w.l(sys_exit.o)
    0x08000e28   0x08000e28   0x00000002   Code   RO         1792    .text               c_w.l(use_no_semi.o)
    0x08000e2a   0x08000e2a   0x00000000   Code   RO         1794    .text               c_w.l(indicate_semi.o)
    0x08000e2a   0x08000e2a   0x0000000a   Code   RO           17    .text.AddVectors_V2  physics.o
    0x08000e34   0x08000e34   0x00000010   Code   RO           11    .text.BlankVector_V2  physics.o
    0x08000e44   0x08000e44   0x00000002   Code   RO          170    .text.BusFault_Handler  stm32f4xx_it.o
    0x08000e46   0x08000e46   0x0000000c   Code   RO          182    .text.DMA1_Stream3_IRQHandler  stm32f4xx_it.o
    0x08000e52   0x08000e52   0x0000000c   Code   RO          184    .text.DMA1_Stream5_IRQHandler  stm32f4xx_it.o
    0x08000e5e   0x08000e5e   0x0000000c   Code   RO          190    .text.DMA2_Stream3_IRQHandler  stm32f4xx_it.o
    0x08000e6a   0x08000e6a   0x00000002   Code   RO          176    .text.DebugMon_Handler  stm32f4xx_it.o
    0x08000e6c   0x08000e6c   0x00000030   Code   RO          188    .text.EXTI15_10_IRQHandler  stm32f4xx_it.o
    0x08000e9c   0x08000e9c   0x00000006   Code   RO          125    .text.Error_Handler  main.o
    0x08000ea2   0x08000ea2   0x00000006   PAD
    0x08000ea8   0x08000ea8   0x000000c0   Code   RO           76    .text.GetCellFromPosition  fluid_sim.o
    0x08000f68   0x08000f68   0x00000080   Code   RO          535    .text.HAL_DMA_Abort  stm32f4xx_hal_dma.o
    0x08000fe8   0x08000fe8   0x00000024   Code   RO          537    .text.HAL_DMA_Abort_IT  stm32f4xx_hal_dma.o
    0x0800100c   0x0800100c   0x00000186   Code   RO          541    .text.HAL_DMA_IRQHandler  stm32f4xx_hal_dma.o
    0x08001192   0x08001192   0x00000002   PAD
    0x08001194   0x08001194   0x00000148   Code   RO          527    .text.HAL_DMA_Init  stm32f4xx_hal_dma.o
    0x080012dc   0x080012dc   0x000000a0   Code   RO          533    .text.HAL_DMA_Start_IT  stm32f4xx_hal_dma.o
    0x0800137c   0x0800137c   0x00000028   Code   RO          700    .text.HAL_Delay     stm32f4xx_hal.o
    0x080013a4   0x080013a4   0x00000002   Code   RO          503    .text.HAL_GPIO_EXTI_Callback  stm32f4xx_hal_gpio.o
    0x080013a6   0x080013a6   0x00000016   Code   RO          501    .text.HAL_GPIO_EXTI_IRQHandler  stm32f4xx_hal_gpio.o
    0x080013bc   0x080013bc   0x00000198   Code   RO          489    .text.HAL_GPIO_Init  stm32f4xx_hal_gpio.o
    0x08001554   0x08001554   0x0000000a   Code   RO          495    .text.HAL_GPIO_WritePin  stm32f4xx_hal_gpio.o
    0x0800155e   0x0800155e   0x0000000c   Code   RO          692    .text.HAL_GetTick   stm32f4xx_hal.o
    0x0800156a   0x0800156a   0x0000001a   Code   RO          690    .text.HAL_IncTick   stm32f4xx_hal.o
    0x08001584   0x08001584   0x00000036   Code   RO          680    .text.HAL_Init      stm32f4xx_hal.o
    0x080015ba   0x080015ba   0x00000050   Code   RO          682    .text.HAL_InitTick  stm32f4xx_hal.o
    0x0800160a   0x0800160a   0x00000038   Code   RO          199    .text.HAL_MspInit   stm32f4xx_hal_msp.o
    0x08001642   0x08001642   0x00000020   Code   RO          632    .text.HAL_NVIC_EnableIRQ  stm32f4xx_hal_cortex.o
    0x08001662   0x08001662   0x00000056   Code   RO          630    .text.HAL_NVIC_SetPriority  stm32f4xx_hal_cortex.o
    0x080016b8   0x080016b8   0x00000020   Code   RO          628    .text.HAL_NVIC_SetPriorityGrouping  stm32f4xx_hal_cortex.o
    0x080016d8   0x080016d8   0x00000026   Code   RO         1304    .text.HAL_PCDEx_ActivateLPM  stm32f4xx_hal_pcd_ex.o
    0x080016fe   0x080016fe   0x00000002   PAD
    0x08001700   0x08001700   0x000000ec   Code   RO         1222    .text.HAL_PCD_Init  stm32f4xx_hal_pcd.o
    0x080017ec   0x080017ec   0x000000a6   Code   RO          213    .text.HAL_PCD_MspInit  stm32f4xx_hal_msp.o
    0x08001892   0x08001892   0x00000002   PAD
    0x08001894   0x08001894   0x00000418   Code   RO          379    .text.HAL_RCCEx_PeriphCLKConfig  stm32f4xx_hal_rcc_ex.o
    0x08001cac   0x08001cac   0x00000152   Code   RO          347    .text.HAL_RCC_ClockConfig  stm32f4xx_hal_rcc.o
    0x08001dfe   0x08001dfe   0x00000026   Code   RO          359    .text.HAL_RCC_GetPCLK1Freq  stm32f4xx_hal_rcc.o
    0x08001e24   0x08001e24   0x00000026   Code   RO          361    .text.HAL_RCC_GetPCLK2Freq  stm32f4xx_hal_rcc.o
    0x08001e4a   0x08001e4a   0x00000002   PAD
    0x08001e4c   0x08001e4c   0x0000009c   Code   RO          395    .text.HAL_RCC_GetSysClockFreq  stm32f4xx_hal_rcc_ex.o
    0x08001ee8   0x08001ee8   0x00000396   Code   RO          399    .text.HAL_RCC_OscConfig  stm32f4xx_hal_rcc_ex.o
    0x0800227e   0x0800227e   0x00000002   Code   RO          309    .text.HAL_SPI_ErrorCallback  stm32f4xx_hal_spi.o
    0x08002280   0x08002280   0x00000006   Code   RO          323    .text.HAL_SPI_GetState  stm32f4xx_hal_spi.o
    0x08002286   0x08002286   0x000000b0   Code   RO          225    .text.HAL_SPI_Init  stm32f4xx_hal_spi.o
    0x08002336   0x08002336   0x00000146   Code   RO          201    .text.HAL_SPI_MspInit  stm32f4xx_hal_msp.o
    0x0800247c   0x0800247c   0x00000172   Code   RO          233    .text.HAL_SPI_Transmit  stm32f4xx_hal_spi.o
    0x080025ee   0x080025ee   0x00000002   PAD
    0x080025f0   0x080025f0   0x000001ec   Code   RO          239    .text.HAL_SPI_TransmitReceive  stm32f4xx_hal_spi.o
    0x080027dc   0x080027dc   0x000000ce   Code   RO          265    .text.HAL_SPI_Transmit_DMA  stm32f4xx_hal_spi.o
    0x080028aa   0x080028aa   0x00000002   Code   RO          311    .text.HAL_SPI_TxCpltCallback  stm32f4xx_hal_spi.o
    0x080028ac   0x080028ac   0x00000002   Code   RO          317    .text.HAL_SPI_TxHalfCpltCallback  stm32f4xx_hal_spi.o
    0x080028ae   0x080028ae   0x0000002c   Code   RO          640    .text.HAL_SYSTICK_Config  stm32f4xx_hal_cortex.o
    0x080028da   0x080028da   0x000000b2   Code   RO         1072    .text.HAL_TIMEx_MasterConfigSynchronization  stm32f4xx_hal_tim_ex.o
    0x0800298c   0x0800298c   0x00000058   Code   RO          771    .text.HAL_TIM_Base_Init  stm32f4xx_hal_tim.o
    0x080029e4   0x080029e4   0x00000034   Code   RO          205    .text.HAL_TIM_Base_MspInit  stm32f4xx_hal_msp.o
    0x08002a18   0x08002a18   0x00000002   Code   RO         1186    .text.HAL_UARTEx_RxEventCallback  stm32f4xx_hal_uart.o
    0x08002a1a   0x08002a1a   0x00000002   Code   RO         1184    .text.HAL_UART_ErrorCallback  stm32f4xx_hal_uart.o
    0x08002a1c   0x08002a1c   0x000002b8   Code   RO         1178    .text.HAL_UART_IRQHandler  stm32f4xx_hal_uart.o
    0x08002cd4   0x08002cd4   0x0000005e   Code   RO         1096    .text.HAL_UART_Init  stm32f4xx_hal_uart.o
    0x08002d32   0x08002d32   0x000000c2   Code   RO          209    .text.HAL_UART_MspInit  stm32f4xx_hal_msp.o
    0x08002df4   0x08002df4   0x00000002   Code   RO         1192    .text.HAL_UART_RxCpltCallback  stm32f4xx_hal_uart.o
    0x08002df6   0x08002df6   0x00000002   PAD
    0x08002df8   0x08002df8   0x000000aa   Code   RO         1112    .text.HAL_UART_Transmit  stm32f4xx_hal_uart.o
    0x08002ea2   0x08002ea2   0x00000002   Code   RO         1188    .text.HAL_UART_TxCpltCallback  stm32f4xx_hal_uart.o
    0x08002ea4   0x08002ea4   0x00000002   Code   RO          166    .text.HardFault_Handler  stm32f4xx_it.o
    0x08002ea6   0x08002ea6   0x00000012   Code   RO           13    .text.Magnitude_V2  physics.o
    0x08002eb8   0x08002eb8   0x00000002   Code   RO          168    .text.MemManage_Handler  stm32f4xx_it.o
    0x08002eba   0x08002eba   0x00000002   PAD
    0x08002ebc   0x08002ebc   0x00000002   Code   RO          164    .text.NMI_Handler   stm32f4xx_it.o
    0x08002ebe   0x08002ebe   0x00000002   Code   RO          178    .text.PendSV_Handler  stm32f4xx_it.o
    0x08002ec0   0x08002ec0   0x0000001e   Code   RO          271    .text.SPI_DMAError  stm32f4xx_hal_spi.o
    0x08002ede   0x08002ede   0x00000006   Code   RO          267    .text.SPI_DMAHalfTransmitCplt  stm32f4xx_hal_spi.o
    0x08002ee4   0x08002ee4   0x00000074   Code   RO          269    .text.SPI_DMATransmitCplt  stm32f4xx_hal_spi.o
    0x08002f58   0x08002f58   0x0000007e   Code   RO          235    .text.SPI_EndRxTxTransaction  stm32f4xx_hal_spi.o
    0x08002fd6   0x08002fd6   0x00000002   PAD
    0x08002fd8   0x08002fd8   0x000000da   Code   RO          333    .text.SPI_WaitFlagStateUntilTimeout  stm32f4xx_hal_spi.o
    0x080030b2   0x080030b2   0x00000002   Code   RO          174    .text.SVC_Handler   stm32f4xx_it.o
    0x080030b4   0x080030b4   0x0000000a   Code   RO           19    .text.ScalarMult_V2  physics.o
    0x080030be   0x080030be   0x00000002   PAD
    0x080030c0   0x080030c0   0x000001a8   Code   RO           90    .text.Sim_Grid_Step  fluid_sim.o
    0x08003268   0x08003268   0x00000138   Code   RO           92    .text.Sim_Particle_HandleCellCollisions  fluid_sim.o
    0x080033a0   0x080033a0   0x000000ec   Code   RO           82    .text.Sim_Particle_Init  fluid_sim.o
    0x0800348c   0x0800348c   0x00000004   PAD
    0x08003490   0x08003490   0x000001d8   Code   RO           94    .text.Sim_Particle_PushParticlesApart  fluid_sim.o
    0x08003668   0x08003668   0x00000088   Code   RO           84    .text.Sim_Particle_Step  fluid_sim.o
    0x080036f0   0x080036f0   0x00000032   Code   RO          100    .text.Sim_Physics_Init  fluid_sim.o
    0x08003722   0x08003722   0x0000001e   Code   RO           98    .text.Sim_Physics_Step  fluid_sim.o
    0x08003740   0x08003740   0x0000013c   Code   RO           96    .text.Sim_TransferVelocities  fluid_sim.o
    0x0800387c   0x0800387c   0x00000004   Code   RO          180    .text.SysTick_Handler  stm32f4xx_it.o
    0x08003880   0x08003880   0x000000aa   Code   RO          121    .text.SystemClock_Config  main.o
    0x0800392a   0x0800392a   0x00000012   Code   RO         1426    .text.SystemInit    system_stm32f4xx.o
    0x0800393c   0x0800393c   0x0000012c   Code   RO          775    .text.TIM_Base_SetConfig  stm32f4xx_hal_tim.o
    0x08003a68   0x08003a68   0x0000000c   Code   RO         1182    .text.UART_DMAAbortOnError  stm32f4xx_hal_uart.o
    0x08003a74   0x08003a74   0x00000050   Code   RO         1142    .text.UART_EndRxTransfer  stm32f4xx_hal_uart.o
    0x08003ac4   0x08003ac4   0x000000c2   Code   RO         1180    .text.UART_Receive_IT  stm32f4xx_hal_uart.o
    0x08003b86   0x08003b86   0x000000de   Code   RO         1100    .text.UART_SetConfig  stm32f4xx_hal_uart.o
    0x08003c64   0x08003c64   0x0000007a   Code   RO         1114    .text.UART_WaitOnFlagUntilTimeout  stm32f4xx_hal_uart.o
    0x08003cde   0x08003cde   0x0000000c   Code   RO          186    .text.USART3_IRQHandler  stm32f4xx_it.o
    0x08003cea   0x08003cea   0x00000086   Code   RO         1320    .text.USB_CoreInit  stm32f4xx_ll_usb.o
    0x08003d70   0x08003d70   0x0000004a   Code   RO         1322    .text.USB_CoreReset  stm32f4xx_ll_usb.o
    0x08003dba   0x08003dba   0x0000001e   Code   RO         1370    .text.USB_DevDisconnect  stm32f4xx_ll_usb.o
    0x08003dd8   0x08003dd8   0x0000017c   Code   RO         1334    .text.USB_DevInit   stm32f4xx_ll_usb.o
    0x08003f54   0x08003f54   0x0000000e   Code   RO         1328    .text.USB_DisableGlobalInt  stm32f4xx_ll_usb.o
    0x08003f62   0x08003f62   0x00000002   PAD
    0x08003f64   0x08003f64   0x00000046   Code   RO         1340    .text.USB_FlushRxFifo  stm32f4xx_ll_usb.o
    0x08003faa   0x08003faa   0x00000002   PAD
    0x08003fac   0x08003fac   0x00000046   Code   RO         1338    .text.USB_FlushTxFifo  stm32f4xx_ll_usb.o
    0x08003ff2   0x08003ff2   0x00000002   PAD
    0x08003ff4   0x08003ff4   0x00000064   Code   RO         1330    .text.USB_SetCurrentMode  stm32f4xx_ll_usb.o
    0x08004058   0x08004058   0x00000002   Code   RO          172    .text.UsageFault_Handler  stm32f4xx_it.o
    0x0800405a   0x0800405a   0x00000002   PAD
    0x0800405c   0x0800405c   0x00000154   Code   RO           59    .text.accel_init    accelerometer.o
    0x080041b0   0x080041b0   0x000000a4   Code   RO           65    .text.accel_poll    accelerometer.o
    0x08004254   0x08004254   0x00000100   Code   RO           61    .text.accel_read    accelerometer.o
    0x08004354   0x08004354   0x000000fc   Code   RO           63    .text.accel_write   accelerometer.o
    0x08004450   0x08004450   0x00000694   Code   RO          119    .text.main          main.o
    0x08004ae4   0x08004ae4   0x00000056   Code   RO           37    .text.oled_cmd      oled.o
    0x08004b3a   0x08004b3a   0x00000002   PAD
    0x08004b3c   0x08004b3c   0x00000072   Code   RO          117    .text.oled_drawframe  main.o
    0x08004bae   0x08004bae   0x00000030   Code   RO           47    .text.oled_eraseRect  oled.o
    0x08004bde   0x08004bde   0x00000002   PAD
    0x08004be0   0x08004be0   0x00000338   Code   RO           33    .text.oled_init     oled.o
    0x08004f18   0x08004f18   0x0000001e   Code   RO          123    .text.print_msg     main.o
    0x08004f36   0x08004f36   0x00000002   PAD
    0x08004f38   0x08004f38   0x00000074   Code   RO          102    .text.renderImage   fluid_sim.o
    0x08004fac   0x08004fac   0x0000003e   Code   RO         1648    CL$$btod_d2e        c_w.l(btod.o)
    0x08004fea   0x08004fea   0x00000046   Code   RO         1650    CL$$btod_d2e_denorm_low  c_w.l(btod.o)
    0x08005030   0x08005030   0x00000060   Code   RO         1649    CL$$btod_d2e_norm_op1  c_w.l(btod.o)
    0x08005090   0x08005090   0x00000338   Code   RO         1658    CL$$btod_div_common  c_w.l(btod.o)
    0x080053c8   0x080053c8   0x000000dc   Code   RO         1655    CL$$btod_e2e        c_w.l(btod.o)
    0x080054a4   0x080054a4   0x0000002a   Code   RO         1652    CL$$btod_ediv       c_w.l(btod.o)
    0x080054ce   0x080054ce   0x0000002a   Code   RO         1651    CL$$btod_emul       c_w.l(btod.o)
    0x080054f8   0x080054f8   0x00000244   Code   RO         1657    CL$$btod_mult_common  c_w.l(btod.o)
    0x0800573c   0x0800573c   0x00000030   Code   RO         1679    i.__ARM_fpclassify  m_wm.l(fpclassify.o)
    0x0800576c   0x0800576c   0x00000004   PAD
    0x08005770   0x08005770   0x000002d8   Code   RO         1584    i.__hardfp_atan     m_wm.l(atan.o)
    0x08005a48   0x08005a48   0x00000200   Code   RO         1537    i.__hardfp_atan2    m_wm.l(atan2.o)
    0x08005c48   0x08005c48   0x0000007a   Code   RO         1543    i.__hardfp_sqrt     m_wm.l(sqrt.o)
    0x08005cc2   0x08005cc2   0x000000f8   Code   RO         1681    i.__kernel_poly     m_wm.l(poly.o)
    0x08005dba   0x08005dba   0x00000014   Code   RO         1592    i.__mathlib_dbl_infnan  m_wm.l(dunder.o)
    0x08005dce   0x08005dce   0x00000014   Code   RO         1593    i.__mathlib_dbl_infnan2  m_wm.l(dunder.o)
    0x08005de2   0x08005de2   0x00000006   PAD
    0x08005de8   0x08005de8   0x00000020   Code   RO         1597    i.__mathlib_dbl_underflow  m_wm.l(dunder.o)
    0x08005e08   0x08005e08   0x00000010   Code   RO         1586    i.atan              m_wm.l(atan.o)
    0x08005e18   0x08005e18   0x00000018   Code   RO         1607    i.fabs              m_wm.l(fabs.o)
    0x08005e30   0x08005e30   0x0000002c   Code   RO         1673    locale$$code        c_w.l(lc_numeric_c.o)
    0x08005e5c   0x08005e5c   0x00000018   Code   RO         1569    x$fpl$basic         fz_wm.l(basic.o)
    0x08005e74   0x08005e74   0x00000062   Code   RO         1509    x$fpl$d2f           fz_wm.l(d2f.o)
    0x08005ed6   0x08005ed6   0x00000002   PAD
    0x08005ed8   0x08005ed8   0x00000150   Code   RO         1511    x$fpl$dadd          fz_wm.l(daddsub_clz.o)
    0x08006028   0x08006028   0x00000018   Code   RO         1675    x$fpl$dcmpinf       fz_wm.l(dcmpi.o)
    0x08006040   0x08006040   0x000002b8   Code   RO         1518    x$fpl$ddiv          fz_wm.l(ddiv.o)
    0x080062f8   0x080062f8   0x00000078   Code   RO         1571    x$fpl$deqf          fz_wm.l(deqf.o)
    0x08006370   0x08006370   0x0000005e   Code   RO         1521    x$fpl$dfix          fz_wm.l(dfix.o)
    0x080063ce   0x080063ce   0x0000002e   Code   RO         1526    x$fpl$dflt          fz_wm.l(dflt_clz.o)
    0x080063fc   0x080063fc   0x00000026   Code   RO         1525    x$fpl$dfltu         fz_wm.l(dflt_clz.o)
    0x08006422   0x08006422   0x00000002   PAD
    0x08006424   0x08006424   0x00000154   Code   RO         1531    x$fpl$dmul          fz_wm.l(dmul.o)
    0x08006578   0x08006578   0x0000009c   Code   RO         1573    x$fpl$dnaninf       fz_wm.l(dnaninf.o)
    0x08006614   0x08006614   0x0000000c   Code   RO         1575    x$fpl$dretinf       fz_wm.l(dretinf.o)
    0x08006620   0x08006620   0x00000016   Code   RO         1512    x$fpl$drsb          fz_wm.l(daddsub_clz.o)
    0x08006636   0x08006636   0x00000002   PAD
    0x08006638   0x08006638   0x00000198   Code   RO         1577    x$fpl$dsqrt         fz_wm.l(dsqrt_umaal.o)
    0x080067d0   0x080067d0   0x000001dc   Code   RO         1513    x$fpl$dsub          fz_wm.l(daddsub_clz.o)
    0x080069ac   0x080069ac   0x00000056   Code   RO         1533    x$fpl$f2d           fz_wm.l(f2d.o)
    0x08006a02   0x08006a02   0x0000008c   Code   RO         1579    x$fpl$fnaninf       fz_wm.l(fnaninf.o)
    0x08006a8e   0x08006a8e   0x0000001a   Code   RO         1763    x$fpl$fpinit        fz_wm.l(fpinit.o)
    0x08006aa8   0x08006aa8   0x0000000a   Code   RO         1581    x$fpl$fretinf       fz_wm.l(fretinf.o)
    0x08006ab2   0x08006ab2   0x00000004   Code   RO         1535    x$fpl$printf1       fz_wm.l(printf1.o)
    0x08006ab6   0x08006ab6   0x00000000   Code   RO         1583    x$fpl$usenofp       fz_wm.l(usenofp.o)
    0x08006ab6   0x08006ab6   0x00000028   Data   RO         1456    .constdata          c_w.l(_printf_hex_int.o)
    0x08006ade   0x08006ade   0x00000002   PAD
    0x08006ae0   0x08006ae0   0x00000098   Data   RO         1587    .constdata          m_wm.l(atan.o)
    0x08006b78   0x08006b78   0x00000008   Data   RO         1611    .constdata          m_wm.l(qnan.o)
    0x08006b80   0x08006b80   0x00000094   Data   RO         1646    .constdata          c_w.l(bigflt0.o)
    0x08006c14   0x08006c14   0x00000010   Data   RO         1431    .rodata.AHBPrescTable  system_stm32f4xx.o
    0x08006c24   0x08006c24   0x00000008   Data   RO         1432    .rodata.APBPrescTable  system_stm32f4xx.o
    0x08006c2c   0x08006c2c   0x00000008   Data   RO          551    .rodata.cst8        stm32f4xx_hal_dma.o
    0x08006c34   0x08006c34   0x0000004e   Data   RO           67    .rodata.str1.1      accelerometer.o
    0x08006c82   0x08006c82   0x00000043   Data   RO          142    .rodata.str1.1      main.o
    0x08006cc5   0x08006cc5   0x00000003   PAD
    0x08006cc8   0x08006cc8   0x00000020   Data   RO         1839    Region$$Table       anon$$obj.o
    0x08006ce8   0x08006ce8   0x0000001c   Data   RO         1672    locale$$data        c_w.l(lc_numeric_c.o)


    Execution Region RW_IRAM1 (Exec base: 0x20000000, Load base: 0x08006d08, Size: 0x0001f680, Max: 0x00020000, ABSOLUTE)

    Exec Addr    Load Addr    Size         Type   Attr      Idx    E Section Name        Object

    0x20000000   0x08006d08   0x00000004   Data   RW         1430    .data.SystemCoreClock  system_stm32f4xx.o
    0x20000004   0x08006d0c   0x00000001   Data   RW          735    .data.uwTickFreq    stm32f4xx_hal.o
    0x20000005   0x08006d0d   0x00000003   PAD
    0x20000008   0x08006d10   0x00000004   Data   RW          734    .data.uwTickPrio    stm32f4xx_hal.o
    0x2000000c   0x08006d14   0x00000004   PAD
    0x20000010        -       0x00000060   Zero   RW         1684    .bss                c_w.l(libspace.o)
    0x20000070        -       0x00000008   Zero   RW          138    .bss.GravityVector  main.o
    0x20000078        -       0x00000003   Zero   RW          139    .bss.accel_data     main.o
    0x2000007b        -       0x00000001   Zero   RW          135    .bss.btn_press      main.o
    0x2000007c        -       0x0000d800   Zero   RW          150    .bss.grid_array     main.o
    0x2000d87c        -       0x00000060   Zero   RW          145    .bss.hdma_spi1_tx   main.o
    0x2000d8dc        -       0x00000060   Zero   RW          146    .bss.hdma_spi3_tx   main.o
    0x2000d93c        -       0x00000060   Zero   RW          148    .bss.hdma_usart3_tx  main.o
    0x2000d99c        -       0x000004e4   Zero   RW          149    .bss.hpcd_USB_OTG_FS  main.o
    0x2000de80        -       0x00000058   Zero   RW          129    .bss.hspi1          main.o
    0x2000ded8        -       0x00000058   Zero   RW          144    .bss.hspi3          main.o
    0x2000df30        -       0x00000048   Zero   RW          147    .bss.htim6          main.o
    0x2000df78        -       0x00000048   Zero   RW          143    .bss.huart3         main.o
    0x2000dfc0        -       0x00003000   Zero   RW          140    .bss.image_buff     main.o
    0x20010fc0        -       0x0000008c   Zero   RW          141    .bss.main_msg       main.o
    0x2001104c        -       0x0000e000   Zero   RW          151    .bss.particle_array  main.o
    0x2001f04c   0x08006d14   0x00000004   PAD
    0x2001f050        -       0x00000008   Zero   RW          131    .bss.pitch          main.o
    0x2001f058        -       0x00000008   Zero   RW          130    .bss.roll           main.o
    0x2001f060        -       0x00000004   Zero   RW          736    .bss.uwTick         stm32f4xx_hal.o
    0x2001f064   0x08006d14   0x00000004   PAD
    0x2001f068        -       0x00000008   Zero   RW          132    .bss.x              main.o
    0x2001f070        -       0x00000008   Zero   RW          133    .bss.y              main.o
    0x2001f078        -       0x00000008   Zero   RW          134    .bss.z              main.o
    0x2001f080        -       0x00000200   Zero   RW            2    HEAP                startup_stm32f446xx.o
    0x2001f280        -       0x00000400   Zero   RW            1    STACK               startup_stm32f446xx.o


==============================================================================

Image component sizes


      Code (inc. data)   RO Data    RW Data    ZI Data      Debug   Object Name

      1012        260         78          0          0       3905   accelerometer.o
      2284         48          0          0          0      11758   fluid_sim.o
      2004         60         67          0     126980      16933   main.o
       958        116          0          0          0       5257   oled.o
        54          4          0          0          0       2412   physics.o
        64         26        452          0       1536        876   startup_stm32f446xx.o
       212          0          0          5          4       7552   stm32f4xx_hal.o
       194          0          0          0          0      10759   stm32f4xx_hal_cortex.o
      1042          4          8          0          0       9807   stm32f4xx_hal_dma.o
       442          0          0          0          0       5286   stm32f4xx_hal_gpio.o
       794          0          0          0          0      14497   stm32f4xx_hal_msp.o
       236          0          0          0          0      16724   stm32f4xx_hal_pcd.o
        38          0          0          0          0       5050   stm32f4xx_hal_pcd_ex.o
       414          0          0          0          0       7672   stm32f4xx_hal_rcc.o
      2122          4          0          0          0      11274   stm32f4xx_hal_rcc_ex.o
      1752          0          0          0          0      20993   stm32f4xx_hal_spi.o
       388          0          0          0          0      50689   stm32f4xx_hal_tim.o
       178          0          0          0          0      20946   stm32f4xx_hal_tim_ex.o
      1598          0          0          0          0      25862   stm32f4xx_hal_uart.o
       116          0          0          0          0       4778   stm32f4xx_it.o
       872          0          0          0          0      26685   stm32f4xx_ll_usb.o
        18          0         24          4          0       2852   system_stm32f4xx.o

    ----------------------------------------------------------------------
     16834        522        664         12     128532     282567   Object Totals
         0          0         32          0          0          0   (incl. Generated)
        42          0          3          3         12          0   (incl. Padding)

    ----------------------------------------------------------------------

      Code (inc. data)   RO Data    RW Data    ZI Data      Debug   Library Member Name

         8          0          0          0          0         68   __main.o
         0          0          0          0          0          0   __rtentry.o
        12          0          0          0          0          0   __rtentry2.o
         6          0          0          0          0          0   __rtentry4.o
        94          8          0          0          0          0   __scatter.o
        26          0          0          0          0          0   __scatter_copy.o
        28          0          0          0          0          0   __scatter_zi.o
        18          0          0          0          0         80   exit.o
         6          0          0          0          0        152   heapauxi.o
         0          0          0          0          0          0   indicate_semi.o
         2          0          0          0          0          0   libinit.o
         6          0          0          0          0          0   libinit2.o
         2          0          0          0          0          0   libshutdown.o
         2          0          0          0          0          0   libshutdown2.o
         8          4          0          0         96         68   libspace.o
       240          0          0          0          0        100   lludivv7m.o
        78          0          0          0          0         80   rt_memclr_w.o
         2          0          0          0          0          0   rtexit.o
        10          0          0          0          0          0   rtexit2.o
       124          0          0          0          0         88   strcmpv7em.o
        62          0          0          0          0         76   strlen.o
        12          4          0          0          0         68   sys_exit.o
        74          0          0          0          0         80   sys_stackheap_outer.o
         2          0          0          0          0         68   use_no_semi.o
        98          4          0          0          0        140   d2f.o
       812         16          0          0          0        392   daddsub_clz.o
       696        140          0          0          0        264   ddiv.o
        94          4          0          0          0        140   dfix.o
       340         12          0          0          0        152   dmul.o
       156          4          0          0          0        140   dnaninf.o
        12          0          0          0          0        116   dretinf.o
       408         56          0          0          0        168   dsqrt_umaal.o
        86          4          0          0          0        132   f2d.o
       140          4          0          0          0        132   fnaninf.o
        26          0          0          0          0        116   fpinit.o
         0          0          0          0          0          0   usenofp.o
       744        106        152          0          0        352   atan.o
       512         64          0          0          0        208   atan2.o
        72          8          0          0          0        372   dunder.o
        24          0          0          0          0        124   fabs.o
        48          0          0          0          0        124   fpclassify.o
       248          0          0          0          0        152   poly.o
         0          0          8          0          0          0   qnan.o
       122          0          0          0          0        148   sqrt.o

    ----------------------------------------------------------------------
     10032        640        378          0         96       7364   Library Totals
        26          0          2          0          0          0   (incl. Padding)

    ----------------------------------------------------------------------

      Code (inc. data)   RO Data    RW Data    ZI Data      Debug   Library Name

      5080        214        216          0         96       2984   c_w.l
      3156        248          0          0          0       2900   fz_wm.l
      1770        178        160          0          0       1480   m_wm.l

    ----------------------------------------------------------------------
     10032        640        378          0         96       7364   Library Totals

    ----------------------------------------------------------------------

==============================================================================


      Code (inc. data)   RO Data    RW Data    ZI Data      Debug   

     26866       1162       1042         12     128628     285187   Grand Totals
     26866       1162       1042         12     128628     285187   ELF Image Totals
     26866       1162       1042         12          0          0   ROM Totals

==============================================================================

    Total RO  Size (Code + RO Data)                27908 (  27.25kB)
    Total RW  Size (RW Data + ZI Data)            128640 ( 125.62kB)
    Total ROM Size (Code + RO Data + RW Data)      27920 (  27.27kB)

==============================================================================

